噫 E2E Test Global Setup Starting...
笨・Connected to test database
笨・Created global test user: global-test@example.com
笨・Created free test character: 辟｡譁吶ユ繧ｹ繝医く繝｣繝ｩ繧ｯ繧ｿ繝ｼ
笨・Created paid test character: 譛画侭繝・せ繝医く繝｣繝ｩ繧ｯ繧ｿ繝ｼ
笨・E2E Test Global Setup Completed

Running 415 tests using 12 workers

  笨・ 7 [chromium] 窶ｺ tests\e2e\admin\charactermanagement\characterdelete.spec.ts:4:7 窶ｺ charactermanagement - characterdelete 窶ｺ 蜑企勁遒ｺ隱阪ム繧､繧｢繝ｭ繧ｰ (1.7s)
  笨・ 12 [chromium] 窶ｺ tests\e2e\admin\dashboard\graphdisplay.spec.ts:4:7 窶ｺ dashboard - graphdisplay 窶ｺ 譌･蛻･蜿守寢繧ｰ繝ｩ繝・(1.7s)
  笨・ 9 [chromium] 窶ｺ tests\e2e\admin\charactermanagement\characteredit.spec.ts:4:7 窶ｺ charactermanagement - characteredit 窶ｺ 譌｢蟄俶ュ蝣ｱ縺ｮ隱ｭ縺ｿ霎ｼ縺ｿ (1.7s)
  笨・ 11 [chromium] 窶ｺ tests\e2e\admin\charactermanagement\characterlist.spec.ts:4:7 窶ｺ charactermanagement - characterlist 窶ｺ 蜈ｨ繧ｭ繝｣繝ｩ繧ｯ繧ｿ繝ｼ縺ｮ陦ｨ遉ｺ (1.7s)
  笨・ 10 [chromium] 窶ｺ tests\e2e\admin\charactermanagement\charactercreate.spec.ts:4:7 窶ｺ charactermanagement - charactercreate 窶ｺ 蝓ｺ譛ｬ諠・ｱ縺ｮ蜈･蜉・(1.7s)
  -  16 [chromium] 窶ｺ tests\e2e\admin\managementauth\login.spec.ts:4:7 窶ｺ managementauth - login 窶ｺ 邂｡逅・・い繧ｫ繧ｦ繝ｳ繝医〒縺ｮ繝ｭ繧ｰ繧､繝ｳ
  笨・ 14 [chromium] 窶ｺ tests\e2e\admin\errormonitoring\error.spec.ts:4:7 窶ｺ errormonitoring - error 窶ｺ 繧ｷ繧ｹ繝・Β繧ｨ繝ｩ繝ｼ縺ｮ荳隕ｧ (1.1s)
  笨・ 15 [chromium] 窶ｺ tests\e2e\admin\managementauth\logout.spec.ts:4:7 窶ｺ managementauth - logout 窶ｺ 繝ｭ繧ｰ繧｢繧ｦ繝亥・逅・(1.1s)
  笨・ 13 [chromium] 窶ｺ tests\e2e\admin\dashboard\statsinfodisplay.spec.ts:4:7 窶ｺ dashboard - statsinfodisplay 窶ｺ 邱上Θ繝ｼ繧ｶ繝ｼ謨ｰ (1.1s)
  笨・ 17 [chromium] 窶ｺ tests\e2e\admin\errormonitoring\settings.spec.ts:4:7 窶ｺ errormonitoring - settings 窶ｺ 髢ｾ蛟､險ｭ螳・(1.1s)
  笨・ 18 [chromium] 窶ｺ tests\e2e\admin\notificationmanagement\notificationcreate.spec.ts:4:7 窶ｺ notificationmanagement - notificationcreate 窶ｺ 騾夂衍繧ｿ繧､繝励・驕ｸ謚・(1.0s)
  笨・ 22 [chromium] 窶ｺ tests\e2e\admin\systemsettings\aisettings.spec.ts:4:7 窶ｺ systemsettings - aisettings 窶ｺ 蛻ｩ逕ｨ蜿ｯ閭ｽ繝｢繝・Ν縺ｮ陦ｨ遉ｺ (1.1s)
  笨・ 19 [chromium] 窶ｺ tests\e2e\admin\notificationmanagement\notificationhistory.spec.ts:4:7 窶ｺ notificationmanagement - notificationhistory 窶ｺ 騾∽ｿ｡貂医∩騾夂衍縺ｮ荳隕ｧ (1.1s)
  笨・ 21 [chromium] 窶ｺ tests\e2e\admin\revenuemanagement\revenuelist.spec.ts:4:7 窶ｺ revenuemanagement - revenuelist 窶ｺ 譛滄俣蛻･蜿守寢陦ｨ遉ｺ (1.1s)
  笨・ 23 [chromium] 窶ｺ tests\e2e\admin\systemsettings\securitysettings.spec.ts:4:7 窶ｺ systemsettings - securitysettings 窶ｺ 繝ｬ繝ｼ繝亥宛髯舌・遒ｺ隱・(1.1s)
  笨・ 20 [chromium] 窶ｺ tests\e2e\admin\revenuemanagement\purchasehistory.spec.ts:4:7 窶ｺ revenuemanagement - purchasehistory 窶ｺ 蜈ｨ雉ｼ蜈･螻･豁ｴ縺ｮ陦ｨ遉ｺ (1.1s)
  笨・ 28 [chromium] 窶ｺ tests\e2e\admin\tokenmanagement\tokenpackmanagement.spec.ts:4:7 窶ｺ tokenmanagement - tokenpackmanagement 窶ｺ 繝代ャ繧ｯ荳隕ｧ陦ｨ遉ｺ (1.1s)
  笨・ 29 [chromium] 窶ｺ tests\e2e\admin\tokenmanagement\tokenstats.spec.ts:4:7 窶ｺ tokenmanagement - tokenstats 窶ｺ 邱冗匱陦後ヨ繝ｼ繧ｯ繝ｳ謨ｰ (911ms)
  笨・ 30 [chromium] 窶ｺ tests\e2e\admin\usermanagement\accountcontrol.spec.ts:4:7 窶ｺ usermanagement - accountcontrol 窶ｺ 繧｢繧ｫ繧ｦ繝ｳ繝亥●豁｢/蛛懈ｭ｢隗｣髯､ (896ms)
  笨・ 5 [chromium] 窶ｺ tests\e2e\admin\charactermanagement\character-crud-operations.spec.ts:277:7 窶ｺ 繧ｭ繝｣繝ｩ繧ｯ繧ｿ繝ｼ邂｡逅・ｩ溯・縺ｮ蛹・峡逧Е2E繝・せ繝・窶ｺ 繧ｭ繝｣繝ｩ繧ｯ繧ｿ繝ｼ讀懃ｴ｢縺ｨ繝輔ぅ繝ｫ繧ｿ繝ｪ繝ｳ繧ｰ (11.4s)
  笨・ 1 [chromium] 窶ｺ tests\e2e\admin\charactermanagement\character-crud-operations.spec.ts:132:7 窶ｺ 繧ｭ繝｣繝ｩ繧ｯ繧ｿ繝ｼ邂｡逅・ｩ溯・縺ｮ蛹・峡逧Е2E繝・せ繝・窶ｺ 繧ｭ繝｣繝ｩ繧ｯ繧ｿ繝ｼ縺ｮ蜑企勁 (11.5s)
  笨・ 2 [chromium] 窶ｺ tests\e2e\admin\charactermanagement\character-crud-operations.spec.ts:211:7 窶ｺ 繧ｭ繝｣繝ｩ繧ｯ繧ｿ繝ｼ邂｡逅・ｩ溯・縺ｮ蛹・峡逧Е2E繝・せ繝・窶ｺ 繧ｭ繝｣繝ｩ繧ｯ繧ｿ繝ｼ逕ｻ蜒上・邂｡逅・(11.5s)
  笨・ 6 [chromium] 窶ｺ tests\e2e\admin\charactermanagement\character-crud-operations.spec.ts:243:7 窶ｺ 繧ｭ繝｣繝ｩ繧ｯ繧ｿ繝ｼ邂｡逅・ｩ溯・縺ｮ蛹・峡逧Е2E繝・せ繝・窶ｺ 繧ｭ繝｣繝ｩ繧ｯ繧ｿ繝ｼ縺ｮ荳諡ｬ謫堺ｽ・(11.5s)
  笨・ 8 [chromium] 窶ｺ tests\e2e\admin\charactermanagement\character-crud-operations.spec.ts:16:7 窶ｺ 繧ｭ繝｣繝ｩ繧ｯ繧ｿ繝ｼ邂｡逅・ｩ溯・縺ｮ蛹・峡逧Е2E繝・せ繝・窶ｺ 譁ｰ隕上く繝｣繝ｩ繧ｯ繧ｿ繝ｼ縺ｮ菴懈・ (11.5s)
  笨・ 3 [chromium] 窶ｺ tests\e2e\admin\charactermanagement\character-crud-operations.spec.ts:81:7 窶ｺ 繧ｭ繝｣繝ｩ繧ｯ繧ｿ繝ｼ邂｡逅・ｩ溯・縺ｮ蛹・峡逧Е2E繝・せ繝・窶ｺ 譌｢蟄倥く繝｣繝ｩ繧ｯ繧ｿ繝ｼ縺ｮ邱ｨ髮・(11.5s)
  笨・ 4 [chromium] 窶ｺ tests\e2e\admin\charactermanagement\character-crud-operations.spec.ts:175:7 窶ｺ 繧ｭ繝｣繝ｩ繧ｯ繧ｿ繝ｼ邂｡逅・ｩ溯・縺ｮ蛹・峡逧Е2E繝・せ繝・窶ｺ 繧ｭ繝｣繝ｩ繧ｯ繧ｿ繝ｼ縺ｮ繧ｹ繝・・繧ｿ繧ｹ邂｡逅・(11.5s)
  笨・ 37 [chromium] 窶ｺ tests\e2e\admin\usermanagement\userdetail.spec.ts:4:7 窶ｺ usermanagement - userdetail 窶ｺ 繝ｦ繝ｼ繧ｶ繝ｼ諠・ｱ縺ｮ陦ｨ遉ｺ (1.3s)
  笨・ 38 [chromium] 窶ｺ tests\e2e\admin\usermanagement\useredit.spec.ts:4:7 窶ｺ usermanagement - useredit 窶ｺ 繝ｦ繝ｼ繧ｶ繝ｼ蜷阪・螟画峩 (1.2s)
  笨・ 39 [chromium] 窶ｺ tests\e2e\admin\usermanagement\userlist.spec.ts:4:7 窶ｺ usermanagement - userlist 窶ｺ 蜈ｨ繝ｦ繝ｼ繧ｶ繝ｼ縺ｮ陦ｨ遉ｺ (993ms)
  笨・ 24 [chromium] 窶ｺ tests\e2e\admin\tokenmanagement\token-profit-system.spec.ts:22:7 窶ｺ 99%蛻ｩ逶顔｢ｺ菫昴す繧ｹ繝・Β縺ｮE2E繝・せ繝・窶ｺ 繝医・繧ｯ繝ｳ繝代ャ繧ｯ菴懈・譎ゅ・99%蛻ｩ逶顔紫險育ｮ玲､懆ｨｼ (10.9s)
  笨・ 26 [chromium] 窶ｺ tests\e2e\admin\tokenmanagement\token-profit-system.spec.ts:86:7 窶ｺ 99%蛻ｩ逶顔｢ｺ菫昴す繧ｹ繝・Β縺ｮE2E繝・せ繝・窶ｺ Stripe Price ID縺ｮ豁｣遒ｺ縺ｪ逋ｻ骭ｲ縺ｨ蜿門ｾ・(10.9s)
  笨・ 25 [chromium] 窶ｺ tests\e2e\admin\tokenmanagement\token-profit-system.spec.ts:61:7 窶ｺ 99%蛻ｩ逶顔｢ｺ菫昴す繧ｹ繝・Β縺ｮE2E繝・せ繝・窶ｺ 轤ｺ譖ｿ繝ｬ繝ｼ繝亥､牙虚譎ゅ・萓｡譬ｼ蜀崎ｨ育ｮ・(10.9s)
  笨・ 27 [chromium] 窶ｺ tests\e2e\admin\tokenmanagement\token-profit-system.spec.ts:115:7 窶ｺ 99%蛻ｩ逶顔｢ｺ菫昴す繧ｹ繝・Β縺ｮE2E繝・せ繝・窶ｺ 蛻ｩ逶顔紫險育ｮ励・繧ｨ繝・ず繧ｱ繝ｼ繧ｹ (10.9s)
繝壹・繧ｸ蜀・ｮｹ: JP|EN繝ｭ繧ｰ繧､繝ｳ繝｡繝ｼ繝ｫ繧｢繝峨Ξ繧ｹ繝代せ繝ｯ繝ｼ繝峨Ο繧ｰ繧､繝ｳ縺吶ｋ繧｢繧ｫ繧ｦ繝ｳ繝医ｒ縺頑戟縺｡縺ｧ縺ｪ縺・婿縺ｯ譁ｰ隕冗匳骭ｲTOP縺ｫ謌ｻ繧狗音螳壼膚蜿門ｼ墓ｳ輔↓蝓ｺ縺･縺剰｡ｨ險・self.__next_f=self.__next_f||[]).push([0])self.__next_f.push([1,"3:\"$Sreact.fragment\"\n5:I[\"(app-pages-browser)/./node_modules/next/dist/client/components/layout-router.js\",[\"app-pages-internals\",\"static/chunks/app-pages-internals.js\"],\"\"]\n6:I[\"(app-pages-browser)/./node_modules/next/dist/client/components/render-from-template-context.js\",[\"app-pages-internals\",\"static/chunks/app-pages-internals.js\"],\"\"]\n8:I[\"(app-pages-browser)/./components/DynamicViewportProvider.tsx\",[\"app/layout\",\"static/chunks/app/layout.js\"],\"DynamicViewportProvider\"]\n9:I[\"(app-pages-browser)/./contexts/ToastContext.tsx\",[\"app/layout\",\"static/chunks/app/layout.js\"],\"ToastProvider\"]\nf:I[\"(app-pages-browser)/./node_modules/next/dist/client/components/client-page.js\",[\"app-pages-internals\",\"static/chunks/app-pages-internals.js\"],\"ClientPageRoot\"]\n10:I[\"(app-pages-browser)/./app/[locale]/login/page.tsx\",[\"app/[locale]/login/page\",\"static/chunks/app/%5Blocale%5D/login/page.js\"],\"default\"]\n11:I[\"(app-pages-browser)/./node_modules/next/dist/client/components/metadata/metadata-boundary.js\",[\"app-pages-internals\",\"static/chunks/app-pages-internals.js\"],\"OutletBoundary\"]\n18:I[\"(app-pages-browser)/./node_modules/next/dist/client/components/metadata/async-metadata.js\",[\"app-pages-internals\",\"static/chunks/app-pages-internals.js\"],\"AsyncMetadataOutlet\"]\n1e:I[\"(app-pages-browser)/./node_modules/next/dist/client/components/metadata/metadata-boundary.js\",[\"app-pages-internals\",\"static/chunks/app-pages-internals.js\"],\"ViewportBoundary\"]\n23:I[\"(app-pages-browser)/./node_modules/next/dist/client/components/metadata/metadata-boundary.js\",[\"app-pages-internals\",\"static/chunks/app-pages-internals.js\"],\"MetadataBoundary\"]\n27:I[\"(app-pages-browser)/./node_modules/next/dist/client/components/error-boundary.js\",[\"app-pages-internals\",\"static/chunks/app-pages-internals.js\"],\"\"]\n28:\"$Sreact.suspense\"\n29:I[\"(app-pages-browser)/./node_modules/next/dist/client/components/metadata/async-metadata.js\",[\"app-pages-internals\",\"static/chunks/app-pages-internals.js\"],\"AsyncMetadata\"]\n:HL[\"/_next/static/css/app/layout.css?v=1751209148126\",\"sty"])self.__next_f.push([1,"le\"]\n:HL[\"/_next/static/css/app/%5Blocale%5D/layout.css?v=1751209148126\",\"style\"]\n:HL[\"/_next/static/css/app/%5Blocale%5D/login/page.css?v=1751209148126\",\"style\"]\n2:{\"name\":\"Preloads\",\"env\":\"Server\",\"key\":null,\"owner\":null,\"stack\":[],\"props\":{\"preloadCallbacks\":[\"$E(()=\u003e{ctx.componentMod.preloadStyle(fullHref,ctx.renderOpts.crossOrigin,ctx.nonce)})\",\"$E(()=\u003e{ctx.componentMod.preloadStyle(fullHref,ctx.renderOpts.crossOrigin,ctx.nonce)})\",\"$E(()=\u003e{ctx.componentMod.preloadStyle(fullHref,ctx.renderOpts.crossOrigin,ctx.nonce)})\"]}}\n1:D\"$2\"\n1:null\n7:{\"name\":\"RootLayout\",\"env\":\"Server\",\"key\":null,\"owner\":null,\"stack\":[],\"props\":{\"children\":[\"$\",\"$L5\",null,{\"parallelRouterKey\":\"children\",\"error\":\"$undefined\",\"errorStyles\":\"$undefined\",\"errorScripts\":\"$undefined\",\"template\":[\"$\",\"$3\",null,{\"children\":[\"$\",\"$L6\",null,{},null,[],1]},null,[],0],\"templateStyles\":\"$undefined\",\"templateScripts\":\"$undefined\",\"notFound\":\"$Y\",\"forbidden\":\"$undefined\",\"unauthorized\":\"$undefined\"},null,[],1],\"params\":\"$Y\"}}\n4:D\"$7\"\nb:{\"name\":\"NotFound\",\"env\":\"Server\",\"key\":null,\"owner\":null,\"stack\":[],\"props\":{}}\na:D\"$b\"\nc:{\"name\":\"HTTPAccessErrorFallback\",\"env\":\"Server\",\"key\":null,\"owner\":\"$b\",\"stack\":[],\"props\":{\"status\":404,\"message\":\"This page could not be found.\"}}\na:D\"$c\"\na:[[\"$\",\"title\",null,{\"children\":\"404: This page could not be found.\"},\"$c\",[],1],[\"$\",\"div\",null,{\"style\":{\"fontFamily\":\"system-ui,\\\"Segoe UI\\\",Roboto,Helvetica,Arial,sans-serif,\\\"Apple Color Emoji\\\",\\\"Segoe UI Emoji\\\"\",\"height\":\"100vh\",\"textAlign\":\"center\",\"display\":\"flex\",\"flexDirection\":\"column\",\"alignItems\":\"center\",\"justifyContent\":\"center\"},\"children\":[\"$\",\"div\",null,{\"children\":[[\"$\",\"style\",null,{\"dangerouslySetInnerHTML\":{\"__html\":\"body{color:#000;background:#fff;margin:0}.next-error-h1{border-right:1px solid rgba(0,0,0,.3)}@media (prefers-color-scheme:dark){body{color:#fff;background:#000}.next-error-h1{border-right:1px solid rgba(255,255,255,.3)}}\"}},\"$c\",[],1],[\"$\",\"h1\",null,{\"className\":\"next-error-h1\",\"style\":{\"display\":\"inline-block\",\"margin\":\"0 20px 0 0\",\"pad"])self.__next_f.push([1,"ding\":\"0 23px 0 0\",\"fontSize\":24,\"fontWeight\":500,\"verticalAlign\":\"top\",\"lineHeight\":\"49px\"},\"children\":404},\"$c\",[],1],[\"$\",\"div\",null,{\"style\":{\"display\":\"inline-block\"},\"children\":[\"$\",\"h2\",null,{\"style\":{\"fontSize\":14,\"fontWeight\":400,\"lineHeight\":\"49px\",\"margin\":0},\"children\":\"This page could not be found.\"},\"$c\",[],1]},\"$c\",[],1]]},\"$c\",[],1]},\"$c\",[],1]]\n4:[\"$\",\"html\",null,{\"lang\":\"ja\",\"children\":[[\"$\",\"head\",null,{\"children\":[[\"$\",\"link\",null,{\"rel\":\"icon\",\"href\":\"/favicon.ico\",\"sizes\":\"any\"},\"$7\",[[\"RootLayout\",\"webpack-internal:///(rsc)/./app/layout.tsx\",114,96]],1],[\"$\",\"link\",null,{\"rel\":\"icon\",\"type\":\"image/png\",\"sizes\":\"512x512\",\"href\":\"/favicon.png\"},\"$7\",[[\"RootLayout\",\"webpack-internal:///(rsc)/./app/layout.tsx\",123,96]],1],[\"$\",\"link\",null,{\"rel\":\"icon\",\"type\":\"image/png\",\"sizes\":\"192x192\",\"href\":\"/icon-192.png\"},\"$7\",[[\"RootLayout\",\"webpack-internal:///(rsc)/./app/layout.tsx\",133,96]],1],[\"$\",\"link\",null,{\"rel\":\"apple-touch-icon\",\"href\":\"/apple-touch-icon.png\"},\"$7\",[[\"RootLayout\",\"webpack-internal:///(rsc)/./app/layout.tsx\",143,96]],1],[\"$\",\"link\",null,{\"rel\":\"manifest\",\"href\":\"/manifest.json\"},\"$7\",[[\"RootLayout\",\"webpack-internal:///(rsc)/./app/layout.tsx\",151,96]],1]]},\"$7\",[[\"RootLayout\",\"webpack-internal:///(rsc)/./app/layout.tsx\",112,88]],1],[\"$\",\"body\",null,{\"className\":\"__className_e8ce0c\",\"children\":[\"$\",\"$L8\",null,{\"children\":[\"$\",\"$L9\",null,{\"children\":[\"$\",\"$L5\",null,{\"parallelRouterKey\":\"children\",\"error\":\"$undefined\",\"errorStyles\":\"$undefined\",\"errorScripts\":\"$undefined\",\"template\":[\"$\",\"$L6\",null,{},null,[],1],\"templateStyles\":\"$undefined\",\"templateScripts\":\"$undefined\",\"notFound\":[\"$a\",[]],\"forbidden\":\"$undefined\",\"unauthorized\":\"$undefined\"},null,[],1]},\"$7\",[[\"RootLayout\",\"webpack-internal:///(rsc)/./app/layout.tsx\",168,106]],1]},\"$7\",[[\"RootLayout\",\"webpack-internal:///(rsc)/./app/layout.tsx\",167,102]],1]},\"$7\",[[\"RootLayout\",\"webpack-internal:///(rsc)/./app/layout.tsx\",165,88]],1]]},\"$7\",[[\"RootLayout\",\"webpack-internal:///(rsc)/./app/layout.tsx\",109,87]],1]\ne:{\"name\":\"Loca"])self.__next_f.push([1,"leLayout\",\"env\":\"Server\",\"key\":null,\"owner\":null,\"stack\":[],\"props\":{\"children\":[\"$\",\"$L5\",null,{\"parallelRouterKey\":\"children\",\"error\":\"$undefined\",\"errorStyles\":\"$undefined\",\"errorScripts\":\"$undefined\",\"template\":[\"$\",\"$3\",null,{\"children\":[\"$\",\"$L6\",null,{},null,[],1]},null,[],0],\"templateStyles\":\"$undefined\",\"templateScripts\":\"$undefined\",\"notFound\":\"$undefined\",\"forbidden\":\"$undefined\",\"unauthorized\":\"$undefined\"},null,[],1],\"params\":\"$Y\"}}\nd:D\"$e\"\n13:{\"name\":\"__next_outlet_boundary__\",\"env\":\"Server\",\"key\":null,\"owner\":null,\"stack\":[],\"props\":{\"ready\":\"$E(async function getViewportReady() {\\n        await viewport();\\n        return undefined;\\n    })\"}}\n12:D\"$13\"\n15:{\"name\":\"__next_outlet_boundary__\",\"env\":\"Server\",\"key\":null,\"owner\":null,\"stack\":[],\"props\":{\"ready\":\"$E(async function getMetadataReady() {\\n        // Only warm up metadata() call when it's blocking metadata,\\n        // otherwise it will be fully managed by AsyncMetadata component.\\n        if (!serveStreamingMetadata) {\\n            await metadata();\\n        }\\n        return undefined;\\n    })\"}}\n14:D\"$15\"\n17:{\"name\":\"StreamingMetadataOutlet\",\"env\":\"Server\",\"key\":null,\"owner\":null,\"stack\":[],\"props\":{}}\n16:D\"$17\"\n16:[\"$\",\"$L18\",null,{\"promise\":\"$@19\"},\"$17\",[],1]\n1b:{\"name\":\"NonIndex\",\"env\":\"Server\",\"key\":null,\"owner\":null,\"stack\":[],\"props\":{\"pagePath\":\"/[locale]/login\",\"statusCode\":200,\"isPossibleServerAction\":false}}\n1a:D\"$1b\"\n1a:null\n1d:{\"name\":\"ViewportTree\",\"env\":\"Server\",\"key\":\"PX5h5WyZEtrgAQrZwmGN-v\",\"owner\":null,\"stack\":[],\"props\":{}}\n1c:D\"$1d\"\n20:{\"name\":\"__next_viewport_boundary__\",\"env\":\"Server\",\"key\":null,\"owner\":\"$1d\",\"stack\":[],\"props\":{}}\n1f:D\"$20\"\n1c:[\"$\",\"$3\",\"PX5h5WyZEtrgAQrZwmGN-v\",{\"children\":[[\"$\",\"$L1e\",null,{\"children\":\"$L1f\"},\"$1d\",[],1],null]},null,null,0]\n22:{\"name\":\"MetadataTree\",\"env\":\"Server\",\"key\":null,\"owner\":null,\"stack\":[],\"props\":{}}\n21:D\"$22\"\n25:{\"name\":\"__next_metadata_boundary__\",\"env\":\"Server\",\"key\":null,\"owner\":\"$22\",\"stack\":[],\"props\":{}}\n24:D\"$25\"\n21:[\"$\",\"$L23\",null,{\"children\":\"$L24\"},\"$22\",[],1"])self.__next_f.push([1,"]\n26:[]\n0:{\"P\":\"$1\",\"b\":\"development\",\"p\":\"\",\"c\":[\"\",\"ja\",\"login\"],\"i\":false,\"f\":[[[\"\",{\"children\":[[\"locale\",\"ja\",\"d\"],{\"children\":[\"login\",{\"children\":[\"__PAGE__\",{}]}]}]},\"$undefined\",\"$undefined\",true],[\"\",[\"$\",\"$3\",\"c\",{\"children\":[[[\"$\",\"link\",\"0\",{\"rel\":\"stylesheet\",\"href\":\"/_next/static/css/app/layout.css?v=1751209148126\",\"precedence\":\"next_static/css/app/layout.css\",\"crossOrigin\":\"$undefined\",\"nonce\":\"$undefined\"},null,[],0]],\"$4\"]},null,[],0],{\"children\":[[\"locale\",\"ja\",\"d\"],[\"$\",\"$3\",\"c\",{\"children\":[[[\"$\",\"link\",\"0\",{\"rel\":\"stylesheet\",\"href\":\"/_next/static/css/app/%5Blocale%5D/layout.css?v=1751209148126\",\"precedence\":\"next_static/css/app/[locale]/layout.css\",\"crossOrigin\":\"$undefined\",\"nonce\":\"$undefined\"},null,[],0]],\"$Ld\"]},null,[],0],{\"children\":[\"login\",[\"$\",\"$3\",\"c\",{\"children\":[null,[\"$\",\"$L5\",null,{\"parallelRouterKey\":\"children\",\"error\":\"$undefined\",\"errorStyles\":\"$undefined\",\"errorScripts\":\"$undefined\",\"template\":[\"$\",\"$L6\",null,{},null,[],1],\"templateStyles\":\"$undefined\",\"templateScripts\":\"$undefined\",\"notFound\":\"$undefined\",\"forbidden\":\"$undefined\",\"unauthorized\":\"$undefined\"},null,[],1]]},null,[],0],{\"children\":[\"__PAGE__\",[\"$\",\"$3\",\"c\",{\"children\":[[\"$\",\"$Lf\",null,{\"Component\":\"$10\",\"searchParams\":{},\"params\":{\"locale\":\"ja\"}},null,[],1],[[\"$\",\"link\",\"0\",{\"rel\":\"stylesheet\",\"href\":\"/_next/static/css/app/%5Blocale%5D/login/page.css?v=1751209148126\",\"precedence\":\"next_static/css/app/[locale]/login/page.css\",\"crossOrigin\":\"$undefined\",\"nonce\":\"$undefined\"},null,[],0]],[\"$\",\"$L11\",null,{\"children\":[\"$L12\",\"$L14\",\"$16\"]},null,[],1]]},null,[],0],{},null,false]},null,false]},null,false]},null,false],[\"$\",\"$3\",\"h\",{\"children\":[\"$1a\",\"$1c\",\"$21\"]},null,[],0],false]],\"m\":\"$W26\",\"G\":[\"$27\",\"$undefined\"],\"s\":false,\"S\":false}\n24:[\"$\",\"div\",null,{\"hidden\":true,\"children\":[\"$\",\"$28\",null,{\"fallback\":null,\"children\":[\"$\",\"$L29\",null,{\"promise\":\"$@2a\"},\"$25\",[],1]},\"$25\",[],1]},\"$25\",[],1]\n14:null\n1f:[[\"$\",\"meta\",\"0\",{\"charSet\":\"utf-8\"},\"$13\",[],0],[\"$\",\"meta\",\"1\",{\"name\":\"viewport\",\"content\":\"width=device"])self.__next_f.push([1,"-width, initial-scale=1, maximum-scale=1, viewport-fit=cover, user-scalable=no\"},\"$13\",[],0],[\"$\",\"meta\",\"2\",{\"name\":\"theme-color\",\"content\":\"#9333EA\"},\"$13\",[],0]]\n12:null\n"])self.__next_f.push([1,"19:{\"metadata\":[[\"$\",\"title\",\"0\",{\"children\":\"Charactier AI - 蛟区ｧ雎翫°縺ｪAI繧ｭ繝｣繝ｩ繧ｯ繧ｿ繝ｼ縺ｨ繝√Ε繝・ヨ | 24譎る俣365譌･隧ｱ縺礼嶌謇欺"},\"$17\",[],0],[\"$\",\"meta\",\"1\",{\"name\":\"description\",\"content\":\"Charactier・医く繝｣繝ｩ繧ｯ繝・ぅ繧｢・峨・縲√≠縺ｪ縺溷･ｽ縺ｿ縺ｮAI繧ｭ繝｣繝ｩ繝ｼ縺ｨ豌玲戟縺｡繧貞・譛峨＠縺ｪ縺後ｉ驕弱＃縺呎眠縺励＞繧ｳ繝溘Η繝九こ繝ｼ繧ｷ繝ｧ繝ｳ菴馴ｨ薙〒縺吶・4譎る俣縺・▽縺ｧ繧りｩｱ縺帙ｋ縲√≠縺ｪ縺溘□縺代・AI繝代・繝医リ繝ｼ繧定ｦ九▽縺代∪縺励ｇ縺・りｦｪ蟇・ｺｦ繧ｷ繧ｹ繝・Β縺ｧ髢｢菫よｧ縺梧ｷｱ縺ｾ繧翫∪縺吶・"},\"$17\",[],0],[\"$\",\"meta\",\"2\",{\"name\":\"author\",\"content\":\"Charactier AI Team\"},\"$17\",[],0],[\"$\",\"meta\",\"3\",{\"name\":\"keywords\",\"content\":\"AI 繝√Ε繝・ヨ,AI繧ｭ繝｣繝ｩ繧ｯ繧ｿ繝ｼ,繝舌・繝√Ε繝ｫ蜿矩＃,AI莨夊ｩｱ,繝√Ε繝・ヨ繝懊ャ繝・AI諱区・,AI繝代・繝医リ繝ｼ,24譎る俣繝√Ε繝・ヨ,隕ｪ蟇・ｺｦ繧ｷ繧ｹ繝・Β,Charactier\"},\"$17\",[],0],[\"$\",\"meta\",\"4\",{\"name\":\"creator\",\"content\":\"Charactier AI\"},\"$17\",[],0],[\"$\",\"meta\",\"5\",{\"name\":\"publisher\",\"content\":\"Charactier AI\"},\"$17\",[],0],[\"$\",\"meta\",\"6\",{\"name\":\"robots\",\"content\":\"index, follow\"},\"$17\",[],0],[\"$\",\"meta\",\"7\",{\"name\":\"googlebot\",\"content\":\"index, follow, max-video-preview:-1, max-image-preview:large, max-snippet:-1\"},\"$17\",[],0],[\"$\",\"link\",\"8\",{\"rel\":\"canonical\",\"href\":\"https://charactier-ai.com\"},\"$17\",[],0],[\"$\",\"link\",\"9\",{\"rel\":\"alternate\",\"hrefLang\":\"ja\",\"href\":\"https://charactier-ai.com/ja\"},\"$17\",[],0],[\"$\",\"link\",\"10\",{\"rel\":\"alternate\",\"hrefLang\":\"en\",\"href\":\"https://charactier-ai.com/en\"},\"$17\",[],0],[\"$\",\"meta\",\"11\",{\"name\":\"format-detection\",\"content\":\"telephone=no, address=no, email=no\"},\"$17\",[],0],[\"$\",\"meta\",\"12\",{\"name\":\"google-site-verification\",\"content\":\"google-site-verification-code\"},\"$17\",[],0],[\"$\",\"meta\",\"13\",{\"name\":\"yandex-verification\",\"content\":\"yandex-verification-code\"},\"$17\",[],0],[\"$\",\"meta\",\"14\",{\"property\":\"og:title\",\"content\":\"Charactier AI - 蛟区ｧ雎翫°縺ｪAI繧ｭ繝｣繝ｩ繧ｯ繧ｿ繝ｼ縺ｨ繝√Ε繝・ヨ\"},\"$17\",[],0],[\"$\",\"meta\",\"15\",{\"property\":\"og:description\",\"content\":\"24譎る俣縺・▽縺ｧ繧りｩｱ縺帙ｋ縲√≠縺ｪ縺溘□縺代・AI繝代・繝医リ繝ｼ縲りｦｪ蟇・ｺｦ縺御ｸ翫′繧九⊇縺ｩ豺ｱ縺・未菫ゅ↓縲・"},\"$17\",[],0],[\"$\",\"meta\",\"16\",{\"property\":\"og:url\",\"content\":\"https://charactier-ai.com\"},\"$17\",[],0],[\"$\",\"meta\",\"17\",{\"property\":\"og:site_name\",\"content\":\"Charactier AI\"},\"$17\",[],0],[\"$\",\"meta\",\"18\",{\"property\":\"og:locale\",\"content\":\"ja_JP\"},\"$17\",[],0],[\"$\",\"meta\",\"19\",{\"property\":\"og:image\",\"content\":\"https://charactier-ai.com/og-image.png\"},\"$17\",[],0],[\"$\",\"meta\",\"20\",{\"property\":\"og:image:width\",\"content\":\"1200\"},\"$17\",[],0],[\"$\",\"meta\",\"21\",{\"property\":\"og:image:height\",\"content\":\"630\"},\"$17\",[],0],[\"$\",\"meta\",\"22\",{\"property\":\"og:image:alt\",\"content\":\"Charactier AI - AI繧ｭ繝｣繝ｩ繧ｯ繧ｿ繝ｼ繝√Ε繝・ヨ繧ｵ繝ｼ繝薙せ\"},\"$17\",[],0],[\"$\",\"meta\",\"23\",{\"property\":\"og:type\",\"content\":\"website\"},\"$17\",[],0],[\"$\",\"meta\",\"24\",{\"name\":\"twitter:card\",\"content\":\"summary_large_image\"},\"$17\",[],0],[\"$\",\"meta\",\"25\",{\"name\":\"twitter:title\",\"content\":\"Charactier AI - 蛟区ｧ雎翫°縺ｪAI繧ｭ繝｣繝ｩ繧ｯ繧ｿ繝ｼ縺ｨ繝√Ε繝・ヨ\"},\"$17\",[],0],[\"$\",\"meta\",\"26\",{\"name\":\"twitter:description\",\"content\":\"24譎る俣縺・▽縺ｧ繧りｩｱ縺帙ｋ縲√≠縺ｪ縺溘□縺代・AI繝代・繝医リ繝ｼ\"},\"$17\",[],0],[\"$\",\"meta\",\"27\",{\"name\":\"twitter:image\",\"content\":\"https://charactier-ai.com/twitter-image.png\"},\"$17\",[],0]],\"error\":null,\"digest\":\"$undefined\"}\n"])self.__next_f.push([1,"2a:{\"metadata\":\"$19:metadata\",\"error\":null,\"digest\":\"$undefined\"}\n"])self.__next_f.push([1,"2d:I[\"(app-pages-browser)/./node_modules/next/dist/client/script.js\",[\"app/[locale]/layout\",\"static/chunks/app/%5Blocale%5D/layout.js\"],\"\"]\n30:I[\"(app-pages-browser)/./components/GoogleAnalyticsScript.tsx\",[\"app/[locale]/layout\",\"static/chunks/app/%5Blocale%5D/layout.js\"],\"default\"]\n31:I[\"(app-pages-browser)/./components/CsrfTokenInitializer.tsx\",[\"app/[locale]/layout\",\"static/chunks/app/%5Blocale%5D/layout.js\"],\"default\"]\n2c:{\"name\":\"GoogleAnalytics\",\"env\":\"Server\",\"key\":null,\"owner\":\"$e\",\"stack\":[[\"LocaleLayout\",\"webpack-internal:///(rsc)/./app/[locale]/layout.tsx\",50,110]],\"props\":{\"measurementId\":\"G-JGWJ4HR6R2\"}}\n2b:D\"$2c\"\n2b:[[\"$\",\"$L2d\",null,{\"src\":\"https://www.googletagmanager.com/gtag/js?id=G-JGWJ4HR6R2\",\"strategy\":\"afterInteractive\"},\"$2c\",[[\"GoogleAnalytics\",\"webpack-internal:///(rsc)/./components/GoogleAnalytics.tsx\",16,88]],1],[\"$\",\"$L2d\",null,{\"id\":\"ga-init\",\"strategy\":\"afterInteractive\",\"children\":\"\\n          window.dataLayer = window.dataLayer || [];\\n          function gtag(){dataLayer.push(arguments);}\\n          gtag('js', new Date());\\n          gtag('config', 'G-JGWJ4HR6R2', {\\n            page_path: window.location.pathname\\n          });\\n        \"},\"$2c\",[[\"GoogleAnalytics\",\"webpack-internal:///(rsc)/./components/GoogleAnalytics.tsx\",24,88]],1]]\n2f:{\"name\":\"NextIntlClientProviderServer\",\"env\":\"Server\",\"key\":null,\"owner\":\"$e\",\"stack\":[[\"LocaleLayout\",\"webpack-internal:///(rsc)/./app/[locale]/layout.tsx\",65,96]],\"props\":{\"messages\":{\"characters\":{\"title\":\"繧ｭ繝｣繝ｩ繧ｯ繧ｿ繝ｼ荳隕ｧ\",\"subtitle\":\"縺頑ｰ励↓蜈･繧翫・繧ｭ繝｣繝ｩ繧ｯ繧ｿ繝ｼ繧定ｦ九▽縺代※縲∽ｼ夊ｩｱ繧呈･ｽ縺励ｂ縺・",\"totalCount\":\"{count}菴薙・繧ｭ繝｣繝ｩ繧ｯ繧ｿ繝ｼ縺悟茜逕ｨ蜿ｯ閭ｽ\",\"search\":{\"placeholder\":\"繧ｭ繝｣繝ｩ繧ｯ繧ｿ繝ｼ蜷阪ｄ諤ｧ譬ｼ縺ｧ讀懃ｴ｢...\",\"notFound\":\"繧ｭ繝｣繝ｩ繧ｯ繧ｿ繝ｼ縺瑚ｦ九▽縺九ｊ縺ｾ縺帙ｓ\",\"notFoundDesc\":\"讀懃ｴ｢譚｡莉ｶ繧貞､画峩縺励※繧ゅ≧荳蠎ｦ縺願ｩｦ縺励￥縺縺輔＞\",\"resetFilters\":\"繝輔ぅ繝ｫ繧ｿ繝ｼ繧偵Μ繧ｻ繝・ヨ\",\"activeFilter\":\"讀懃ｴ｢: {keyword}\"},\"filters\":{\"all\":\"蜈ｨ縺ｦ陦ｨ遉ｺ\",\"free\":\"繝吶・繧ｹ繧ｭ繝｣繝ｩ縺ｮ縺ｿ\",\"purchased\":\"雉ｼ"])self.__next_f.push([1,"蜈･貂医∩繧ｭ繝｣繝ｩ縺ｮ縺ｿ\",\"unpurchased\":\"譛ｪ雉ｼ蜈･繧ｭ繝｣繝ｩ縺ｮ縺ｿ\"},\"sort\":{\"popular\":\"莠ｺ豌鈴・",\"newest\":\"譁ｰ逹鬆・",\"oldest\":\"逋ｻ骭ｲ鬆・",\"name\":\"蜷榊燕鬆・",\"affinity\":\"隕ｪ蟇・ｺｦ鬆・"},\"actions\":{\"unlock\":\"繧｢繝ｳ繝ｭ繝・け\",\"unlockWith\":\"縺ｧ繧｢繝ｳ繝ｭ繝・け\",\"startChat\":\"繝√Ε繝・ヨ髢句ｧ欺",\"needTokens\":\"繝医・繧ｯ繝√こ繝・ヨ縺悟ｿ・ｦ―",\"viewAll\":\"蜈ｨ驛ｨ隕九ｋ\",\"purchase\":\"雉ｼ蜈･縺吶ｋ\"},\"characterTypes\":{\"free\":\"繝吶・繧ｹ繧ｭ繝｣繝ｩ\",\"premium\":\"繝励Ξ繝溘い繝繧ｭ繝｣繝ｩ\",\"locked\":\"繝ｭ繝・け荳ｭ\"},\"loading\":\"繧ｭ繝｣繝ｩ繧ｯ繧ｿ繝ｼ荳隕ｧ繧定ｪｭ縺ｿ霎ｼ縺ｿ荳ｭ...\",\"loadError\":\"隱ｭ縺ｿ霎ｼ縺ｿ繧ｨ繝ｩ繝ｼ\",\"retry\":\"蜀崎ｩｦ陦圭",\"errors\":\"$Y\",\"welcome\":\"$Y\"},\"common\":\"$Y\",\"login\":\"$Y\",\"register\":\"$Y\",\"library\":\"$Y\",\"sidebar\":\"$Y\",\"chat\":\"$Y\",\"homepage\":\"$Y\",\"dashboard\":\"$Y\",\"purchaseHistory\":\"$Y\",\"moods\":\"$Y\",\"settings\":\"$Y\",\"setup\":\"$Y\",\"chatLayout\":\"$Y\",\"errors\":\"$Y\",\"affinity\":\"$Y\",\"tokens\":\"$Y\",\"general\":\"$Y\",\"badges\":\"$Y\",\"notifications\":\"$Y\",\"recentChats\":\"$Y\",\"purchaseHistorySummary\":\"$Y\",\"rarity\":\"$Y\",\"personalityTypes\":\"$Y\",\"personalityTags\":\"$Y\",\"analytics\":\"$Y\",\"footer\":\"$Y\"},\"children\":\"$Y\"}}\n2e:D\"$2f\"\nd:[\"$\",\"html\",null,{\"lang\":\"ja\",\"children\":[[\"$\",\"head\",null,{\"children\":\"$2b\"},\"$e\",[[\"LocaleLayout\",\"webpack-internal:///(rsc)/./app/[locale]/layout.tsx\",49,88]],1],[\"$\",\"body\",null,{\"className\":\"__className_e8ce0c\",\"children\":[\"$L2e\",[\"$\",\"$28\",null,{\"fallback\":null,\"children\":[\"$\",\"$L30\",null,{},\"$e\",[[\"LocaleLayout\",\"webpack-internal:///(rsc)/./app/[locale]/layout.tsx\",75,110]],1]},\"$e\",[[\"LocaleLayout\",\"webpack-internal:///(rsc)/./app/[locale]/layout.tsx\",73,96]],1],[\"$\",\"$L31\",null,{},\"$e\",[[\"LocaleLayout\",\"webpack-internal:///(rsc)/./app/[locale]/layout.tsx\",85,96]],1]]},\"$e\",[[\"LocaleLayout\",\"webpack-internal:///(rsc)/./app/[locale]/layout.tsx\",62,88]],1]]},\"$e\",[[\"LocaleLayout\",\"webpack-internal:///(rsc)/./app/[locale]/layout.tsx\",46,87]],1]\n"])self.__next_f.push([1,"32:I[\"(app-pages-browser)/./node_modules/next-intl/dist/esm/development/shared/NextIntlClientProvider.js\",[\"app/[locale]/layout\",\"static/chunks/app/%5Blocale%5D/layout.js\"],\"default\"]\n"])self.__next_f.push([1,"2e:[\"$\",\"$L32\",null,{\"formats\":\"$undefined\",\"locale\":\"ja\",\"messages\":{\"characters\":{\"title\":\"繧ｭ繝｣繝ｩ繧ｯ繧ｿ繝ｼ荳隕ｧ\",\"subtitle\":\"縺頑ｰ励↓蜈･繧翫・繧ｭ繝｣繝ｩ繧ｯ繧ｿ繝ｼ繧定ｦ九▽縺代※縲∽ｼ夊ｩｱ繧呈･ｽ縺励ｂ縺・",\"totalCount\":\"{count}菴薙・繧ｭ繝｣繝ｩ繧ｯ繧ｿ繝ｼ縺悟茜逕ｨ蜿ｯ閭ｽ\",\"search\":{\"placeholder\":\"繧ｭ繝｣繝ｩ繧ｯ繧ｿ繝ｼ蜷阪ｄ諤ｧ譬ｼ縺ｧ讀懃ｴ｢...\",\"notFound\":\"繧ｭ繝｣繝ｩ繧ｯ繧ｿ繝ｼ縺瑚ｦ九▽縺九ｊ縺ｾ縺帙ｓ\",\"notFoundDesc\":\"讀懃ｴ｢譚｡莉ｶ繧貞､画峩縺励※繧ゅ≧荳蠎ｦ縺願ｩｦ縺励￥縺縺輔＞\",\"resetFilters\":\"繝輔ぅ繝ｫ繧ｿ繝ｼ繧偵Μ繧ｻ繝・ヨ\",\"activeFilter\":\"讀懃ｴ｢: {keyword}\"},\"filters\":{\"all\":\"蜈ｨ縺ｦ陦ｨ遉ｺ\",\"free\":\"繝吶・繧ｹ繧ｭ繝｣繝ｩ縺ｮ縺ｿ\",\"purchased\":\"雉ｼ蜈･貂医∩繧ｭ繝｣繝ｩ縺ｮ縺ｿ\",\"unpurchased\":\"譛ｪ雉ｼ蜈･繧ｭ繝｣繝ｩ縺ｮ縺ｿ\"},\"sort\":{\"popular\":\"莠ｺ豌鈴・",\"newest\":\"譁ｰ逹鬆・",\"oldest\":\"逋ｻ骭ｲ鬆・",\"name\":\"蜷榊燕鬆・",\"affinity\":\"隕ｪ蟇・ｺｦ鬆・"},\"actions\":{\"unlock\":\"繧｢繝ｳ繝ｭ繝・け\",\"unlockWith\":\"縺ｧ繧｢繝ｳ繝ｭ繝・け\",\"startChat\":\"繝√Ε繝・ヨ髢句ｧ欺",\"needTokens\":\"繝医・繧ｯ繝√こ繝・ヨ縺悟ｿ・ｦ―",\"viewAll\":\"蜈ｨ驛ｨ隕九ｋ\",\"purchase\":\"雉ｼ蜈･縺吶ｋ\"},\"characterTypes\":{\"free\":\"繝吶・繧ｹ繧ｭ繝｣繝ｩ\",\"premium\":\"繝励Ξ繝溘い繝繧ｭ繝｣繝ｩ\",\"locked\":\"繝ｭ繝・け荳ｭ\"},\"loading\":\"繧ｭ繝｣繝ｩ繧ｯ繧ｿ繝ｼ荳隕ｧ繧定ｪｭ縺ｿ霎ｼ縺ｿ荳ｭ...\",\"loadError\":\"隱ｭ縺ｿ霎ｼ縺ｿ繧ｨ繝ｩ繝ｼ\",\"retry\":\"蜀崎ｩｦ陦圭",\"errors\":{\"loadFailed\":\"繧ｭ繝｣繝ｩ繧ｯ繧ｿ繝ｼ荳隕ｧ縺ｮ蜿門ｾ励↓螟ｱ謨励＠縺ｾ縺励◆\",\"userInfoFailed\":\"繝ｦ繝ｼ繧ｶ繝ｼ諠・ｱ蜿門ｾ励お繝ｩ繝ｼ\",\"loginRequired\":\"繝ｭ繧ｰ繧､繝ｳ縺悟ｿ・ｦ√〒縺兔",\"checkoutFailed\":\"繝√ぉ繝・け繧｢繧ｦ繝・RL縺悟叙蠕励〒縺阪∪縺帙ｓ縺ｧ縺励◆\",\"purchaseError\":\"繧ｭ繝｣繝ｩ繧ｯ繧ｿ繝ｼ雉ｼ蜈･荳ｭ縺ｫ繧ｨ繝ｩ繝ｼ縺檎匱逕溘＠縺ｾ縺励◆\"},\"welcome\":{\"title\":\"脂 縺皮匳骭ｲ縺ゅｊ縺後→縺・＃縺悶＞縺ｾ縺呻ｼ―",\"subtitle\":\"10,000繝医・繧ｯ繝ｳ繧偵・繝ｬ繧ｼ繝ｳ繝茨ｼ―",\"description\":\"譁ｰ縺励＞AI縺ｮ荳也阜縺ｸ繧医≧縺薙◎・√≠縺ｪ縺溘□縺代・迚ｹ蛻･縺ｪ繧ｭ繝｣繝ｩ繧ｯ繧ｿ繝ｼ縺溘■縺ｨ縺ｮ莨夊ｩｱ繧貞ｧ九ａ縺ｾ縺励ｇ縺・ょ・蝗樒匳骭ｲ迚ｹ蜈ｸ縺ｨ縺励※縲・0,000繝医・繧ｯ繝ｳ繧偵・繝ｬ繧ｼ繝ｳ繝医＞縺溘＠縺ｾ縺吶・",\"startButton\":\"縺輔▲縺昴￥繝√Ε繝・ヨ縺励※縺ｿ繧具ｼ―",\"tokensGranted\":\"繝医・繧ｯ繝√こ繝・ヨ縺ｯ閾ｪ蜍輔〒莉倅ｸ弱＆繧後∪縺励◆\"}},\"common\":{\"reset\":\"繝ｪ繧ｻ繝・ヨ\",\"close\":\"髢峨§繧欺"},\"login\":{\"title\":\"繝ｭ繧ｰ繧､繝ｳ\",\"email\":\"繝｡繝ｼ繝ｫ繧｢繝峨Ξ繧ｹ\",\"emailPlaceholder\":\"繝｡繝ｼ繝ｫ繧｢繝峨Ξ繧ｹ繧貞・蜉帙＠縺ｦ縺上□縺輔＞\",\"password\":\"繝代せ繝ｯ繝ｼ繝噂",\"passwordPlaceholder\":\"繝代せ繝ｯ繝ｼ繝峨ｒ蜈･蜉帙＠縺ｦ縺上□縺輔＞\",\"loginButton\":\"繝ｭ繧ｰ繧､繝ｳ縺吶ｋ\",\"noAccount\":\"繧｢繧ｫ繧ｦ繝ｳ繝医ｒ縺頑戟縺｡縺ｧ縺ｪ縺・婿縺ｯ\",\"register\":\"譁ｰ隕冗匳骭ｲ\",\"backToTop\":\"TOP縺ｫ謌ｻ繧欺"},\"register\":{\"title\":\"譁ｰ隕冗匳骭ｲ\",\"subtitle\":\"莉翫↑繧牙・蝗樒匳骭ｲ縺ｧ10,000繝医・繧ｯ繝ｳ繝励Ξ繧ｼ繝ｳ繝・\",\"name\":\"縺雁錐蜑構",\"namePlaceholder\":\"縺雁錐蜑阪ｒ蜈･蜉帙＠縺ｦ縺上□縺輔＞\",\"email\":\"繝｡繝ｼ繝ｫ繧｢繝峨Ξ繧ｹ\",\"emailPlaceholder\":\"繝｡繝ｼ繝ｫ繧｢繝峨Ξ繧ｹ繧貞・蜉帙＠縺ｦ縺上□縺輔＞\",\"password\":\"繝代せ繝ｯ繝ｼ繝噂",\"passwordPlaceholder\":\"繝代せ繝ｯ繝ｼ繝峨ｒ蜈･蜉帙＠縺ｦ縺上□縺輔＞\",\"confirmPassword\":\"繝代せ繝ｯ繝ｼ繝臥｢ｺ隱構",\"confirmPasswordPlaceholder\":\"繝代せ繝ｯ繝ｼ繝峨ｒ蜀榊ｺｦ蜈･蜉帙＠縺ｦ縺上□縺輔＞\",\"language\":\"險隱櫁ｨｭ螳喀",\"languageOptions\":{\"ja\":\"譌･譛ｬ隱杤",\"en\":\"English\"},\"terms\":\"逋ｻ骭ｲ縺吶ｋ縺薙→縺ｧ縲―",\"termsOfService\":\"蛻ｩ逕ｨ隕冗ｴЫ",\"privacyPolicy\":\"繝励Λ繧､繝舌す繝ｼ繝昴Μ繧ｷ繝ｼ\",\"and\":\"縺ｨ\",\"termsAccept\":\"縺ｫ蜷梧э縺励◆繧ゅ・縺ｨ縺ｿ縺ｪ縺励∪縺吶・",\"registerButton\":\"蛻ｩ逕ｨ隕冗ｴ・↓蜷梧э縺励※逋ｻ骭ｲ縺吶ｋ\",\"hasAccount\":\"縺吶〒縺ｫ繧｢繧ｫ繧ｦ繝ｳ繝医ｒ縺頑戟縺｡縺ｮ譁ｹ縺ｯ\",\"login\":\"繝ｭ繧ｰ繧､繝ｳ\",\"backToTop\":\"TOP縺ｫ謌ｻ繧欺",\"errors\":{\"passwordMismatch\":\"繝代せ繝ｯ繝ｼ繝峨′荳閾ｴ縺励∪縺帙ｓ\",\"required\":\"蠢・磯・岼繧貞・蜉帙＠縺ｦ縺上□縺輔＞\",\"invalidEmail\":\"豁｣縺励＞繝｡繝ｼ繝ｫ繧｢繝峨Ξ繧ｹ繧貞・蜉帙＠縺ｦ縺上□縺輔＞\"}},\"library\":{\"title\":\"繧ｭ繝｣繝ｩ繧ｯ繧ｿ繝ｼ繝ｩ繧､繝悶Λ繝ｪ\",\"subtitle\":\"隕ｪ蟇・ｺｦ縺ｧ隗｣謾ｾ縺励◆諤昴＞蜃ｺ縺ｮ逕ｻ蜒上さ繝ｬ繧ｯ繧ｷ繝ｧ繝ｳ\",\"loading\":\"繝ｩ繧､繝悶Λ繝ｪ繧定ｪｭ縺ｿ霎ｼ縺ｿ荳ｭ...\",\"character\":{\"selectLabel\":\"繧ｭ繝｣繝ｩ繧ｯ繧ｿ繝ｼ驕ｸ謚杤",\"selectPlaceholder\":\"繧ｭ繝｣繝ｩ繧ｯ繧ｿ繝ｼ繧帝∈謚杤",\"level\":\"繝ｬ繝吶Ν {level}\",\"unlockedCount\":\"隗｣謾ｾ貂医∩: {count}譫喀"},\"search\":{\"placeholder\":\"逕ｻ蜒上ｒ讀懃ｴ｢...\",\"noResults\":\"讀懃ｴ｢邨先棡縺後≠繧翫∪縺帙ｓ\"},\"view\":{\"grid\":\"繧ｰ繝ｪ繝・ラ\",\"list\":\"繝ｪ繧ｹ繝・"},\"unlocked\":{\"title\":\"隗｣謾ｾ貂医∩縺ｮ諤昴＞蜃ｺ\",\"subtitle\":\"{count}譫壹・逕ｻ蜒上′隗｣謾ｾ縺輔ｌ縺ｦ縺・∪縺兔",\"empty\":{\"title\":\"縺ｾ縺隗｣謾ｾ縺輔ｌ縺溽判蜒上′縺ゅｊ縺ｾ縺帙ｓ\",\"description\":\"隕ｪ蟇・ｺｦ繧剃ｸ翫￡縺ｦ譁ｰ縺励＞諤昴＞蜃ｺ繧定ｧ｣謾ｾ縺励∪縺励ｇ縺・"},\"imageTitle\":\"繝ｬ繝吶Ν{level}隗｣謾ｾ逕ｻ蜒十",\"imageDescription\":\"隕ｪ蟇・ｺｦ隗｣謾ｾ逕ｻ蜒上〒縺兔"},\"locked\":{\"title\":\"譛ｪ隗｣謾ｾ縺ｮ諤昴＞蜃ｺ\",\"subtitle\":\"隕ｪ蟇・ｺｦ繧剃ｸ翫￡繧九→隗｣謾ｾ縺輔ｌ繧宮count}譫壹・逕ｻ蜒十",\"hoverMessage\":\"隕ｪ蟇・ｺｦ繧剃ｸ翫￡縺ｦ隗｣謾ｾ・―",\"unlockLevel\":\"繝ｬ繝吶Ν{level}縺ｧ隗｣謾ｾ\",\"imageTitle\":\"譛ｪ隗｣謾ｾ縺ｮ諤昴＞蜃ｺ\",\"lockedImageTitle\":\"繝ｬ繝吶Ν{level}隗｣謾ｾ逕ｻ蜒十"},\"rarity\":{\"common\":\"繧ｳ繝｢繝ｳ\",\"rare\":\"繝ｬ繧｢\",\"epic\":\"繧ｨ繝斐ャ繧ｯ\",\"legendary\":\"繝ｬ繧ｸ繧ｧ繝ｳ繝繝ｪ繝ｼ\"},\"modal\":{\"imageTitle\":\"諤昴＞蜃ｺ縺ｮ逕ｻ蜒十",\"imageDescription\":\"隕ｪ蟇・ｺｦ隗｣謾ｾ逕ｻ蜒上〒縺兔",\"altText\":\"Selected image\"},\"noCharacter\":{\"title\":\"繧ｭ繝｣繝ｩ繧ｯ繧ｿ繝ｼ繧帝∈謚槭＠縺ｦ縺上□縺輔＞\",\"description\":\"荳願ｨ倥・繝峨Ο繝・・繝繧ｦ繝ｳ縺九ｉ諤昴＞蜃ｺ繧定ｦ九◆縺・く繝｣繝ｩ繧ｯ繧ｿ繝ｼ繧帝∈謚槭＠縺ｦ縺上□縺輔＞\"}},\"sidebar\":{\"home\":\"繝帙・繝\",\"characters\":\"繧ｭ繝｣繝ｩ繧ｯ繧ｿ繝ｼ荳隕ｧ\",\"chatHistory\":\"繝√Ε繝・ヨ\",\"library\":\"繧ｭ繝｣繝ｩ繧ｯ繧ｿ繝ｼ繝ｩ繧､繝悶Λ繝ｪ\",\"favorites\":\"縺頑ｰ励↓蜈･繧浬",\"tokens\":\"繝医・繧ｯ繝√こ繝・ヨ雉ｼ蜈･\",\"purchaseHistory\":\"雉ｼ蜈･螻･豁ｴ\",\"settings\":\"險ｭ螳喀",\"appDescription\":\"AI繧ｭ繝｣繝ｩ繧ｯ繧ｿ繝ｼ繝√Ε繝・ヨ\",\"user\":\"繝ｦ繝ｼ繧ｶ繝ｼ\",\"tokenBalance\":\"繝医・繧ｯ繝√こ繝・ヨ: {count, number}\",\"termsOfService\":\"蛻ｩ逕ｨ隕冗ｴЫ",\"privacyPolicy\":\"繝励Λ繧､繝舌す繝ｼ繝昴Μ繧ｷ繝ｼ\",\"commercialTransactions\":\"迚ｹ螳壼膚蜿門ｼ墓ｳ輔↓蝓ｺ縺･縺剰｡ｨ險禄",\"termsModal\":{\"title\":\"蛻ｩ逕ｨ隕冗ｴЫ",\"lastUpdated\":\"譛邨よ隼螳壽律・・025蟷ｴ6譛・9譌･\",\"close\":\"髢峨§繧欺",\"introduction\":\"譛ｬ隕冗ｴ・・縲，haractier 驕句霧莠句漁螻・井ｻ･荳九悟ｽ謎ｺ句漁螻縲搾ｼ峨′謠蝉ｾ帙☆繧九靴haractier AI縲搾ｼ井ｻ･荳九梧悽繧ｵ繝ｼ繝薙せ縲搾ｼ峨・蛻ｩ逕ｨ譚｡莉ｶ繧貞ｮ壹ａ繧九ｂ縺ｮ縺ｧ縺吶ら匳骭ｲ繝ｦ繝ｼ繧ｶ繝ｼ・井ｻ･荳九後Θ繝ｼ繧ｶ繝ｼ縲搾ｼ峨・縲∵悽隕冗ｴ・↓蜷梧э縺ｮ縺・∴譛ｬ繧ｵ繝ｼ繝薙せ繧貞茜逕ｨ縺吶ｋ繧ゅ・縺ｨ縺励∪縺吶・",\"article1\":{\"title\":\"隨ｬ1譚｡・磯←逕ｨ・噂",\"content1\":\"譛ｬ隕冗ｴ・・縲，haractier 驕句霧莠句漁螻・井ｻ･荳九悟ｽ謎ｺ句漁螻縲搾ｼ峨′謠蝉ｾ帙☆繧九靴haractier AI縲搾ｼ井ｻ･荳九梧悽繧ｵ繝ｼ繝薙せ縲搾ｼ峨・蛻ｩ逕ｨ譚｡莉ｶ繧貞ｮ壹ａ繧九ｂ縺ｮ縺ｧ縺吶・",\"content2\":\"逋ｻ骭ｲ繝ｦ繝ｼ繧ｶ繝ｼ・井ｻ･荳九後Θ繝ｼ繧ｶ繝ｼ縲搾ｼ峨・縲∵悽隕冗ｴ・↓蜷梧э縺ｮ縺・∴譛ｬ繧ｵ繝ｼ繝薙せ繧貞茜逕ｨ縺吶ｋ繧ゅ・縺ｨ縺励∪縺吶・"},\"article2\":{\"title\":\"隨ｬ2譚｡・亥ｮ夂ｾｩ・噂",\"item1\":\"縲後ヨ繝ｼ繧ｯ繝ｳ縲搾ｼ壽悽繧ｵ繝ｼ繝薙せ蜀・〒縺ｮ AI 縺ｨ縺ｮ蟇ｾ隧ｱ遲峨↓菴ｿ逕ｨ縺ｧ縺阪ｋ繝・ず繧ｿ繝ｫ繝昴う繝ｳ繝医・",\"item2\":\"縲後く繝｣繝ｩ繧ｯ繧ｿ繝ｼ縲搾ｼ壼ｽ謎ｺ句漁螻縺梧署萓帙・雋ｩ螢ｲ縺吶ｋ AI 繧ｭ繝｣繝ｩ繧ｯ繧ｿ繝ｼ縲・",\"item3\":\"縲後さ繝ｳ繝・Φ繝・搾ｼ壽悽繧ｵ繝ｼ繝薙せ荳翫〒繝ｦ繝ｼ繧ｶ繝ｼ縺碁∝女菫｡繝ｻ謚慕ｨｿ繝ｻ逕滓・縺吶ｋ荳蛻・・諠・ｱ縲・"},\"article3\":{\"title\":\"隨ｬ3譚｡・育匳骭ｲ・噂",\"item1\":\"繝ｦ繝ｼ繧ｶ繝ｼ縺ｯ縲∫悄螳溘°縺､譛譁ｰ縺ｮ諠・ｱ繧偵ｂ縺｣縺ｦ逋ｻ骭ｲ繧定｡後≧繧ゅ・縺ｨ縺励∪縺吶・",\"item2\":\"18豁ｳ譛ｪ貅縺ｯ菫晁ｭｷ閠・・蜷梧э繧貞ｾ励◆縺・∴縺ｧ逋ｻ骭ｲ縺励※縺上□縺輔＞縲・",\"item3\":\"逋ｻ骭ｲ諠・ｱ縺ｫ螟画峩縺後≠縺｣縺溷ｴ蜷医・騾溘ｄ縺九↓譖ｴ譁ｰ縺励※縺上□縺輔＞縲・",\"item4\":\"陌壼⊃縺ｮ諠・ｱ縺ｧ逋ｻ骭ｲ縺励◆蝣ｴ蜷医√い繧ｫ繧ｦ繝ｳ繝医′蛛懈ｭ｢縺輔ｌ繧句庄閭ｽ諤ｧ縺後≠繧翫∪縺吶・"},\"article4\":{\"title\":\"隨ｬ4譚｡・医い繧ｫ繧ｦ繝ｳ繝亥所縺ｳ繝代せ繝ｯ繝ｼ繝臥ｮ｡逅・ｼ噂",\"item1\":\"繝ｦ繝ｼ繧ｶ繝ｼ縺ｯ閾ｪ蟾ｱ縺ｮ雋ｬ莉ｻ縺ｧ繧｢繧ｫ繧ｦ繝ｳ繝医・繝代せ繝ｯ繝ｼ繝峨ｒ邂｡逅・☆繧九ｂ縺ｮ縺ｨ縺励∪縺吶・",\"item2\":\"荳肴ｭ｣菴ｿ逕ｨ縺ｫ繧医ｋ謳榊ｮｳ縺ｫ縺､縺・※縲∝ｽ謎ｺ句漁螻縺ｯ謨・э蜿医・驥埼℃螟ｱ縺後↑縺・剞繧願ｲｬ莉ｻ繧定ｲ縺・∪縺帙ｓ縲・",\"item3\":\"繝代せ繝ｯ繝ｼ繝峨・螳壽悄逧・↓螟画峩縺励∫ｬｬ荳芽・↓髢狗､ｺ縺励↑縺・〒縺上□縺輔＞縲・"},\"article5\":{\"title\":\"隨ｬ5譚｡・亥茜逕ｨ譁呻ｼ噂",\"item1\":\"譛ｬ繧ｵ繝ｼ繝薙せ縺ｮ蝓ｺ譛ｬ蛻ｩ逕ｨ縺ｯ辟｡譁吶〒縺吶′縲、I 縺ｨ縺ｮ蟇ｾ隧ｱ縺ｫ縺ｯ繝医・繧ｯ繝ｳ蜿医・譛牙─繧ｭ繝｣繝ｩ繧ｯ繧ｿ繝ｼ縺ｮ雉ｼ蜈･縺悟ｿ・ｦ√〒縺吶・",\"item2\":\"繝医・繧ｯ繝ｳ縺ｮ萓｡譬ｼ繝ｻ莉倅ｸ取焚縺ｯ雉ｼ蜈･繝壹・繧ｸ縺ｫ陦ｨ遉ｺ縺吶ｋ繧ゅ・縺ｨ縺励∪縺吶・",\"item3\":\"雉ｼ蜈･蠕後・繧ｭ繝｣繝ｳ繧ｻ繝ｫ繝ｻ霑秘≡縺ｯ荳蛻・〒縺阪∪縺帙ｓ縲・"},\"article6\":{\"title\":\"隨ｬ6譚｡・育ｦ∵ｭ｢莠矩・ｼ噂",\"intro\":\"繝ｦ繝ｼ繧ｶ繝ｼ縺ｯ莉･荳九・陦檎ぜ繧偵＠縺ｦ縺ｯ縺ｪ繧翫∪縺帙ｓ縲・",\"item1\":\"(1) 豕穂ｻ､繝ｻ蜈ｬ蠎剰憶菫励↓驕募渚縺吶ｋ陦檎ぜ\",\"item2\":\"(2) 隨ｬ荳芽・・遏･逧・ｲ｡逕｣讓ｩ繧剃ｾｵ螳ｳ縺吶ｋ陦檎ぜ\",\"item3\":\"(3) 驕主ｺｦ縺ｫ證ｴ蜉帷噪繝ｻ諤ｧ逧・・蟾ｮ蛻･逧・↑繧ｳ繝ｳ繝・Φ繝・・謚慕ｨｿ\",\"item4\":\"(4) 荳肴ｭ｣繧｢繧ｯ繧ｻ繧ｹ繝ｻ繝ｪ繝舌・繧ｹ繧ｨ繝ｳ繧ｸ繝九い繝ｪ繝ｳ繧ｰ遲峨・陦檎ぜ\",\"item5\":\"(5) 譛ｬ繧ｵ繝ｼ繝薙せ縺ｮ驕句霧繧貞ｦｨ螳ｳ縺吶ｋ陦檎ぜ\"},\"article7\":{\"title\":\"隨ｬ7譚｡・・I 逕滓・繧ｳ繝ｳ繝・Φ繝・ｼ噂",\"item1\":\"譛ｬ繧ｵ繝ｼ繝薙せ縺ｯ OpenAI API 繧貞茜逕ｨ縺励※縺・∪縺吶・",\"item2\":\"AI 縺檎函謌舌☆繧句・蜉帙・豁｣遒ｺ諤ｧ繝ｻ蜷域ｳ墓ｧ繝ｻ驕ｩ蜷域ｧ縺ｯ菫晁ｨｼ縺輔ｌ縺ｾ縺帙ｓ縲・",\"item3\":\"繝ｦ繝ｼ繧ｶ繝ｼ縺ｯ閾ｪ蟾ｱ縺ｮ蛻､譁ｭ縺ｨ雋ｬ莉ｻ縺ｧ逕滓・繧ｳ繝ｳ繝・Φ繝・ｒ蛻ｩ逕ｨ縺励∝ｽ謎ｺ句漁螻縺ｯ荳蛻・・雋ｬ莉ｻ繧定ｲ縺・∪縺帙ｓ縲・"},\"article8\":{\"title\":\"隨ｬ8譚｡・育衍逧・ｲ｡逕｣讓ｩ・噂",\"item1\":\"譛ｬ繧ｵ繝ｼ繝薙せ蜿翫・髢｢騾｣繧ｽ繝輔ヨ繧ｦ繧ｧ繧｢縺ｫ髢｢縺吶ｋ遏･逧・ｲ｡逕｣讓ｩ縺ｯ蠖謎ｺ句漁螻縺ｫ蟶ｰ螻槭＠縺ｾ縺吶・",\"item2\":\"繝ｦ繝ｼ繧ｶ繝ｼ縺檎函謌舌＠縺溘さ繝ｳ繝・Φ繝・・縺・■縲∬送菴懈ｨｩ縺檎匱逕溘＠蠕励ｋ驛ｨ蛻・・繝ｦ繝ｼ繧ｶ繝ｼ縺ｫ蟶ｰ螻槭＠縺ｾ縺吶′縲√Θ繝ｼ繧ｶ繝ｼ縺ｯ蠖謎ｺ句漁螻縺ｫ蟇ｾ縺鈴撼迢ｬ蜊逧・・辟｡蜆溘・蜈ｨ荳也阜繝ｻ譛滄俣辟｡蛻ｶ髯舌・蛻ｩ逕ｨ險ｱ隲ｾ繧剃ｻ倅ｸ弱＠縺ｾ縺吶・",\"item3\":\"譛ｬ繧ｵ繝ｼ繝薙せ縺ｮ繧ｭ繝｣繝ｩ繧ｯ繧ｿ繝ｼ繝・じ繧､繝ｳ繝ｻ蜷咲ｧｰ遲峨・辟｡譁ｭ菴ｿ逕ｨ縺ｯ遖∵ｭ｢縺励∪縺吶・"},\"article9\":{\"title\":\"隨ｬ9譚｡・医し繝ｼ繝薙せ縺ｮ荳ｭ譁ｭ繝ｻ蛛懈ｭ｢・噂",\"content\":\"繧ｷ繧ｹ繝・Β菫晏ｮ医・轣ｽ螳ｳ繝ｻ縺昴・莉悶ｄ繧繧貞ｾ励↑縺・ｴ蜷医∝ｽ謎ｺ句漁螻縺ｯ莠句燕蜻顔衍縺ｪ縺乗悽繧ｵ繝ｼ繝薙せ繧貞●豁｢縺ｧ縺阪∪縺吶ょｽ謎ｺ句漁螻縺ｯ縲∝●豁｢縺ｫ繧医ｊ繝ｦ繝ｼ繧ｶ繝ｼ縺ｫ逕溘§縺滓錐螳ｳ繧定ｳ蜆溘＠縺ｾ縺帙ｓ縲・"},\"article10\":{\"title\":\"隨ｬ10譚｡・井ｿ晁ｨｼ縺ｮ蜷ｦ隱阪♀繧医・蜈崎ｲｬ・噂",\"content1\":\"譛ｬ繧ｵ繝ｼ繝薙せ縺ｯ迴ｾ迥ｶ譛牙ｧｿ縺ｧ謠蝉ｾ帙＆繧後∪縺吶ょｽ謎ｺ句漁螻縺ｯ蜍穂ｽ應ｿ晁ｨｼ繝ｻ驕ｩ蜷域ｧ菫晁ｨｼ繧定｡後＞縺ｾ縺帙ｓ縲・",\"content2\":\"蠖謎ｺ句漁螻縺ｯ繝ｦ繝ｼ繧ｶ繝ｼ髢灘処縺ｯ隨ｬ荳芽・→縺ｮ繝医Λ繝悶Ν縺ｫ莉句・縺帙★縲∽ｸ蛻・・雋ｬ莉ｻ繧定ｲ縺・∪縺帙ｓ縲・",\"content3\":\"譛牙─雉ｼ蜈･貂医∩繝医・繧ｯ繝ｳ繝ｻ繧ｭ繝｣繝ｩ繧ｯ繧ｿ繝ｼ縺ｯ逅・罰縺ｮ螯ゆｽ輔ｒ蝠上ｏ縺夊ｿ秘≡縺ｧ縺阪∪縺帙ｓ縲・"},\"article11\":{\"title\":\"隨ｬ11譚｡・域錐螳ｳ雉蜆滂ｼ噂",\"content\":\"蠖謎ｺ句漁螻縺梧腐諢丞処縺ｯ驥埼℃螟ｱ縺ｫ繧医ｊ謳榊ｮｳ繧剃ｸ弱∴縺溷ｴ蜷医ｒ髯､縺阪∝ｽ謎ｺ句漁螻縺ｮ雋ｬ莉ｻ縺ｯ驕主悉12縺区怦髢薙↓繝ｦ繝ｼ繧ｶ繝ｼ縺悟ｽ謎ｺ句漁螻縺ｫ謾ｯ謇輔▲縺溽ｷ城｡阪ｒ荳企剞縺ｨ縺励∪縺吶・"},\"article12\":{\"title\":\"隨ｬ12譚｡・亥茜逕ｨ隕冗ｴ・・螟画峩・噂",\"content\":\"譛ｬ隕冗ｴ・・縲∝ｿ・ｦ√↓蠢懊§縺ｦ謾ｹ螳壹☆繧句ｴ蜷医′縺ゅｊ縺ｾ縺吶よ隼螳壼ｾ後・蛻ｩ逕ｨ縺ｯ譁ｰ隕冗ｴ・↓蜷梧э縺励◆繧ゅ・縺ｨ縺ｿ縺ｪ縺励∪縺吶・"},\"article13\":{\"title\":\"隨ｬ13譚｡・域ｺ匁侠豕輔・蜷域э邂｡霓・ｼ噂",\"content\":\"譛ｬ隕冗ｴ・・譌･譛ｬ豕輔↓貅匁侠縺励∵ｨｪ豬懷慍譁ｹ陬∝愛謇繧貞ｰょｱ樒噪蜷域э邂｡霓・｣∝愛謇縺ｨ縺励∪縺吶・"}},\"commercialModal\":{\"title\":\"迚ｹ螳壼膚蜿門ｼ墓ｳ輔↓蝓ｺ縺･縺剰｡ｨ險禄",\"lastUpdated\":\"譛邨よ峩譁ｰ譌･・・025蟷ｴ6譛・9譌･\",\"introduction\":\"縲靴haractier AI縲搾ｼ井ｻ･荳九梧悽繧ｵ繝ｼ繝薙せ縲搾ｼ峨↓縺翫￠繧狗音螳壼膚蜿門ｼ墓ｳ輔↓蝓ｺ縺･縺剰｡ｨ險倥・莉･荳九・騾壹ｊ縺ｧ縺吶・",\"sections\":{\"provider\":{\"label\":\"雋ｩ螢ｲ莠区･ｭ閠・",\"content\":\"Charactier 驕句霧莠句漁螻\"},\"manager\":{\"label\":\"驕句霧雋ｬ莉ｻ閠・",\"content\":\"荳ｭ貂｡ 邏能"},\"contact\":{\"label\":\"縺雁撫縺・粋繧上○蜈・",\"content\":\"莉･荳九・繝輔か繝ｼ繝縺九ｉ縺雁撫縺・粋繧上○縺上□縺輔＞\",\"url\":\"https://forms.gle/ZkYUQSmpqxrQaa4m8\"},\"price\":{\"label\":\"雋ｩ螢ｲ萓｡譬ｼ\",\"content\":\"蜷・膚蜩√・繝ｼ繧ｸ縺ｫ險倩ｼ会ｼ育ｨ手ｾｼ萓｡譬ｼ・噂"},\"payment\":{\"label\":\"謾ｯ謇墓婿豕表",\"content\":\"繧ｯ繝ｬ繧ｸ繝・ヨ繧ｫ繝ｼ繝会ｼ・isa, Mastercard, American Express, JCB, Diners Club, Discover・噂"},\"delivery\":{\"label\":\"蝠・刀縺ｮ蠑墓ｸ｡縺玲凾譛歃",\"content\":\"豎ｺ貂亥ｮ御ｺ・ｾ後∝叉譎ょ茜逕ｨ蜿ｯ閭ｽ\"},\"timing\":{\"label\":\"謾ｯ謇墓凾譛歃",\"content\":\"蝠・刀雉ｼ蜈･譎ゅ↓蜊ｳ譎よｱｺ貂・"},\"refund\":{\"label\":\"霑泌刀繝ｻ繧ｭ繝｣繝ｳ繧ｻ繝ｫ\",\"content\":\"繝・ず繧ｿ繝ｫ繧ｳ繝ｳ繝・Φ繝・・諤ｧ雉ｪ荳翫∬ｳｼ蜈･蠕後・霑泌刀繝ｻ霑秘≡縺ｯ荳蛻・♀蜿励￠縺ｧ縺阪∪縺帙ｓ\"},\"currency\":{\"label\":\"陦ｨ遉ｺ騾夊ｲｨ\",\"content\":\"譌･譛ｬ蜀・ｼ・PY・・ 邀ｳ繝峨Ν・・SD・噂"},\"validity\":{\"label\":\"繧ｵ繝ｼ繝薙せ蛻ｩ逕ｨ譛牙柑譛滄剞\",\"content\":\"雉ｼ蜈･縺励◆繝医・繧ｯ繝ｳ・夂┌譛滄剞 / 雉ｼ蜈･縺励◆繧ｭ繝｣繝ｩ繧ｯ繧ｿ繝ｼ・夂┌譛滄剞\"},\"required\":{\"label\":\"蠢・ｦ√↑雋ｻ逕ｨ\",\"content\":\"蝠・刀莉｣驥台ｻ･螟悶・蠢・ｦ∬ｲｻ逕ｨ縺ｯ縺ゅｊ縺ｾ縺帙ｓ・磯壻ｿ｡雋ｻ遲峨・蛻ｩ逕ｨ閠・ｲ諡・ｼ噂"},\"defect\":{\"label\":\"迹慕矛蟇ｾ蠢彌",\"content\":\"繧ｷ繧ｹ繝・Β髫懷ｮｳ縺ｫ繧医ｊ蛻ｩ逕ｨ縺ｧ縺阪↑縺・ｴ蜷医・縲∝ｾｩ譌ｧ蠕後↓蛻ｩ逕ｨ蜿ｯ閭ｽ縺ｨ縺ｪ繧翫∪縺兔"},\"special\":{\"label\":\"迚ｹ蛻･縺ｪ雋ｩ螢ｲ譚｡莉ｶ\",\"content\":\"繝医・繧ｯ繝ｳ谿矩ｫ倥′ 0 縺ｮ蝣ｴ蜷医∽ｸ驛ｨ讖溯・縺悟宛髯舌＆繧後∪縺兔"},\"support\":{\"label\":\"繧ｵ繝昴・繝亥ｯｾ蠢彌",\"content\":\"蝨滓律逾昴ｒ髯､縺・10:00-18:00・・ST・峨↓繝｡繝ｼ繝ｫ縺ｧ霑比ｿ｡\"},\"subscription\":{\"label\":\"繧ｵ繝悶せ繧ｯ繝ｪ繝励す繝ｧ繝ｳ\",\"content\":\"譛ｬ繧ｵ繝ｼ繝薙せ縺ｫ縺ｯ螳壽悄雉ｼ隱ｭ・医し繝悶せ繧ｯ繝ｪ繝励す繝ｧ繝ｳ・峨・縺ゅｊ縺ｾ縺帙ｓ\"}}},\"privacyModal\":{\"title\":\"繝励Λ繧､繝舌す繝ｼ繝昴Μ繧ｷ繝ｼ\",\"lastUpdated\":\"譛邨よ隼螳壽律・・025蟷ｴ6譛・9譌･\",\"close\":\"髢峨§繧欺",\"introduction\":\"Charactier・井ｻ･荳九悟ｽ薙し繝ｼ繝薙せ縲搾ｼ峨・縲√Θ繝ｼ繧ｶ繝ｼ縺ｮ蛟倶ｺｺ諠・ｱ繧帝←蛻・↓蜿悶ｊ謇ｱ縺・◆繧√∽ｻ･荳九・繝励Λ繧､繝舌す繝ｼ繝昴Μ繧ｷ繝ｼ・井ｻ･荳九梧悽繝昴Μ繧ｷ繝ｼ縲搾ｼ峨ｒ螳壹ａ縺ｾ縺吶・",\"section1\":{\"title\":\"1. 蜿門ｾ励☆繧句倶ｺｺ諠・ｱ\",\"content\":\"豌丞錐縲√Γ繝ｼ繝ｫ繧｢繝峨Ξ繧ｹ縲√ヱ繧ｹ繝ｯ繝ｼ繝峨∵ｱｺ貂域ュ蝣ｱ縲！P 繧｢繝峨Ξ繧ｹ縲√け繝・く繝ｼ ID縲、I 縺ｸ縺ｮ蜈･蜉帛・螳ｹ遲噂",\"item1\":\"豌丞錐繝ｻ繝九ャ繧ｯ繝阪・繝縲√Γ繝ｼ繝ｫ繧｢繝峨Ξ繧ｹ\",\"item2\":\"豎ｺ貂域ュ蝣ｱ・・tripe繧帝壹§縺ｦ蜿門ｾ励ゅき繝ｼ繝臥分蜿ｷ縺ｯ蠖薙し繝ｼ繝薙せ縺ｫ菫晏ｭ倥＠縺ｾ縺帙ｓ・噂",\"item3\":\"Cookie繝ｻ遶ｯ譛ｫ隴伜挨蟄舌・繧｢繧ｯ繧ｻ繧ｹ繝ｭ繧ｰ\",\"item4\":\"繝√Ε繝・ヨ蜀・ｮｹ縺翫ｈ縺ｳ逕滓・ AI 縺ｸ縺ｮ蜈･蜉帙・繝ｭ繝ｳ繝励ヨ\"},\"section2\":{\"title\":\"2. 蛻ｩ逕ｨ逶ｮ逧Ы",\"item1\":\"(1) 譛ｬ繧ｵ繝ｼ繝薙せ謠蝉ｾ帙・譛ｬ莠ｺ遒ｺ隱構",\"item2\":\"(2) 繝医・繧ｯ繝ｳ谿矩ｫ倡ｮ｡逅・・豎ｺ貂亥・逅・",\"item3\":\"(3) 荳肴ｭ｣蛻ｩ逕ｨ髦ｲ豁｢繝ｻ繧ｻ繧ｭ繝･繝ｪ繝・ぅ蠑ｷ蛹暴",\"item4\":\"(4) 蜷・ｨｮ蝠上＞蜷医ｏ縺帛ｯｾ蠢彌",\"item5\":\"(5) 蛻ｩ逕ｨ隕冗ｴ・＆蜿崎｡檎ぜ縺ｸ縺ｮ蟇ｾ蠢彌",\"item6\":\"(6) 繧ｵ繝ｼ繝薙せ謾ｹ蝟・・繝槭・繧ｱ繝・ぅ繝ｳ繧ｰ・育ｵｱ險亥喧繝ｻ蛹ｿ蜷榊喧蠕鯉ｼ噂"},\"section3\":{\"title\":\"3. 螟夜Κ騾∽ｿ｡繝ｻ隨ｬ荳芽・署萓媾",\"description\":\"荳玖ｨ倥し繝ｼ繝薙せ縺ｫ繝・・繧ｿ繧帝∽ｿ｡縺励∪縺呻ｼ域峡蠑ｧ蜀・・騾∽ｿ｡鬆・岼・峨・",\"item1\":\"繝ｻOpenAI API・・I 逕滓・蜃ｦ逅・ｼ壼・蜉帙ユ繧ｭ繧ｹ繝茨ｼ噂",\"item2\":\"繝ｻStripe・域ｱｺ貂亥・逅・ｼ壹Γ繝ｼ繝ｫ繧｢繝峨Ξ繧ｹ縲∵ｱｺ貂磯≡鬘阪！P・噂",\"item3\":\"繝ｻGoogle Analytics・亥茜逕ｨ迥ｶ豕∬ｧ｣譫撰ｼ咾ookie ID縲・夢隕ｧ繝壹・繧ｸ・噂",\"note\":\"豕穂ｻ､縺ｫ蝓ｺ縺･縺丞ｴ蜷医ｒ髯､縺阪∵悽莠ｺ蜷梧э縺ｪ縺冗ｬｬ荳芽・署萓帙＠縺ｾ縺帙ｓ縲・",\"tableHeaders\":{\"destination\":\"騾∽ｿ｡蜈・",\"information\":\"騾∽ｿ｡縺輔ｌ繧区ュ蝣ｱ\",\"purpose\":\"蛻ｩ逕ｨ逶ｮ逧Ы"},\"services\":{\"ga4\":{\"name\":\"Google Analytics 4\",\"info\":\"Cookie・・ga 縺ｪ縺ｩ・峨！P繧｢繝峨Ξ繧ｹ縲・夢隕ｧ繝壹・繧ｸURL\",\"purpose\":\"繧｢繧ｯ繧ｻ繧ｹ隗｣譫申"},\"stripe\":{\"name\":\"Stripe\",\"info\":\"豎ｺ貂磯≡鬘阪√Γ繝ｼ繝ｫ繧｢繝峨Ξ繧ｹ縲∵ｱｺ貂医ヨ繝ｼ繧ｯ繝ｳ遲噂",\"purpose\":\"繧ｯ繝ｬ繧ｸ繝・ヨ繧ｫ繝ｼ繝画ｱｺ貂亥・逅・"},\"cloudflare\":{\"name\":\"Cloudflare\",\"info\":\"IP繧｢繝峨Ξ繧ｹ縲ゞser-Agent 遲噂",\"purpose\":\"繧ｵ繧､繝井ｿ晁ｭｷ繝ｻ繝代ヵ繧ｩ繝ｼ繝槭Φ繧ｹ譛驕ｩ蛹暴"}},\"optOut\":{\"title\":\"繧ｪ繝励ヨ繧｢繧ｦ繝域婿豕表",\"description\":\"GA4 縺ｮ險域ｸｬ縺ｯ Google Analytics 繧ｪ繝励ヨ繧｢繧ｦ繝医い繝峨が繝ｳ 繧貞茜逕ｨ縺吶ｋ縺薙→縺ｧ辟｡蜉ｹ蛹悶〒縺阪∪縺吶ゅ◎縺ｮ莉・Cookie 縺ｯ繝悶Λ繧ｦ繧ｶ險ｭ螳壹〒蜑企勁・乗拠蜷ｦ縺悟庄閭ｽ縺ｧ縺吶・"}},\"section4\":{\"title\":\"4. 繧ｯ繝・く繝ｼ遲峨・蛻ｩ逕ｨ\",\"content\":\"蠖薙し繧､繝医・ Cookie 繧剃ｽｿ逕ｨ縺励√そ繝・す繝ｧ繝ｳ邂｡逅・・陦悟虚蛻・梵繧定｡後＞縺ｾ縺吶ゅヶ繝ｩ繧ｦ繧ｶ縺ｧCookie 繧堤┌蜉ｹ蛹悶〒縺阪∪縺吶′縲∵ｩ溯・縺悟宛髯舌＆繧後ｋ蝣ｴ蜷医′縺ゅｊ縺ｾ縺吶・",\"description\":\"蜿門ｾ励＠縺溷倶ｺｺ諠・ｱ縺ｯ谺｡縺ｮ蝣ｴ蜷医ｒ髯､縺咲ｬｬ荳芽・↓謠蝉ｾ帙＠縺ｾ縺帙ｓ縲・",\"item1\":\"繝ｦ繝ｼ繧ｶ繝ｼ縺ｮ蜷梧э縺後≠繧句ｴ蜷・",\"item2\":\"豕穂ｻ､縺ｫ蝓ｺ縺･縺丞ｴ蜷・",\"item3\":\"豎ｺ貂域･ｭ蜍吝ｧ碑ｨ励・縺溘ａ Stripe 縺ｸ謠蝉ｾ帙☆繧句ｴ蜷・"},\"section5\":{\"title\":\"5. 螳牙・邂｡逅・蒔鄂ｮ\",\"content\":\"AES-256-GCM 縺ｫ繧医ｋ讖溷ｯ・ョ繝ｼ繧ｿ證怜捷蛹悶仝AF繝ｻ繝ｬ繝ｼ繝亥宛髯舌√い繧ｯ繧ｻ繧ｹ讓ｩ髯千ｮ｡逅・ｭ噂",\"item1\":\"騾壻ｿ｡縺ｯ TLS 縺ｫ繧医ｊ證怜捷蛹暴",\"item2\":\"驥崎ｦ√ョ繝ｼ繧ｿ縺ｯ繧｢繧ｯ繧ｻ繧ｹ讓ｩ髯舌ｒ譛蟆城剞縺ｫ縺励◆迺ｰ蠅・〒邂｡逅・",\"item3\":\"遉ｾ蜀・・繝ｪ繧ｷ繝ｼ縺ｫ蝓ｺ縺･縺上Ο繧ｰ逶｣譟ｻ繧貞ｮ滓命\"},\"section6\":{\"title\":\"6. 蛟倶ｺｺ諠・ｱ縺ｮ髢狗､ｺ遲芽ｫ区ｱ・",\"content\":\"髢狗､ｺ繝ｻ險よｭ｣繝ｻ蜑企勁繝ｻ蛻ｩ逕ｨ蛛懈ｭ｢遲峨・縺碑ｫ区ｱゅ・ support@charactier-ai.com 縺ｸ縺秘｣邨｡縺上□縺輔＞縲・",\"contactForm\":\"縺雁撫縺・粋繧上○繝輔か繝ｼ繝・喀"},\"section7\":{\"title\":\"7. GDPR 霑ｽ蜉莠矩・",\"content\":\"EU 蝨上Θ繝ｼ繧ｶ繝ｼ縺ｯ繝・・繧ｿ繝昴・繧ｿ繝薙Μ繝・ぅ繝ｻ蜃ｦ逅・●豁｢繧定ｦ∵ｱゅ〒縺阪∪縺吶ら屮逹｣讖滄未縺ｸ縺ｮ荳肴恪逕ｳ遶区ｨｩ繧呈怏縺励∪縺吶・"},\"section8\":{\"title\":\"8. 縺雁撫縺・粋繧上○遯灘哨\",\"content\":\"support@charactier-ai.com\"}},\"menu\":\"繝｡繝九Η繝ｼ\",\"account\":\"繧｢繧ｫ繧ｦ繝ｳ繝・",\"preferences\":\"險ｭ螳喀",\"logout\":\"繝ｭ繧ｰ繧｢繧ｦ繝・"},\"chat\":{\"loading\":\"繝√Ε繝・ヨ繧定ｪｭ縺ｿ霎ｼ縺ｿ荳ｭ...\",\"error\":\"繧ｨ繝ｩ繝ｼ縺檎匱逕溘＠縺ｾ縺励◆\",\"retry\":\"蜀崎ｩｦ陦圭",\"notFound\":\"繝√Ε繝・ヨ縺瑚ｦ九▽縺九ｊ縺ｾ縺帙ｓ\",\"sendMessage\":\"繝｡繝・そ繝ｼ繧ｸ繧帝∽ｿ｡\",\"placeholder\":\"繝｡繝・そ繝ｼ繧ｸ繧貞・蜉・..\",\"startConversation\":\"{characterName}縺ｨ縺ｮ莨夊ｩｱ繧貞ｧ九ａ繧医≧\",\"loadingPastMessages\":\"驕主悉縺ｮ繝｡繝・そ繝ｼ繧ｸ繧定ｪｭ縺ｿ霎ｼ縺ｿ荳ｭ...\",\"scrollToTop\":\"繝医ャ繝励↓繧ｹ繧ｯ繝ｭ繝ｼ繝ｫ\"},\"homepage\":{\"title\":\"繧ｭ繝｣繝ｩ繧ｯ繝・ぅ繧｢\",\"mainTitle\":\"Charactier\",\"tagline\":\"莨壹＞縺ｫ縺阪※...縺ゅ↑縺溘□縺代・諢・AI)縲・",\"description\":\"Charactier・医く繝｣繝ｩ繧ｯ繝・ぅ繧｢・峨・縲√≠縺ｪ縺溷･ｽ縺ｿ縺ｮAI繧ｭ繝｣繝ｩ繝ｼ縺ｨ\\n豌玲戟縺｡繧貞・譛峨＠縺ｪ縺後ｉ驕弱＃縺呎眠縺励＞繧ｳ繝溘Η繝九こ繝ｼ繧ｷ繝ｧ繝ｳ菴馴ｨ薙〒縺吶・",\"subDescription\":\"隕ｪ蟇・ｺｦ縺ｫ繧医▲縺ｦ繧ｭ繝｣繝ｩ縺ｮ繧ｻ繝ｪ繝輔′蟆代＠縺壹▽螟牙喧縲りｦｪ蟇・ｺｦ縺碁ｫ倥∪縺｣縺ｦ縺・￥...\",\"loginButton\":\"繝ｭ繧ｰ繧､繝ｳ\",\"newUserPromo\":\"譁ｰ隕冗匳骭ｲ\",\"tokenGift\":\"莉翫↑繧牙・蝗樒匳骭ｲ縺ｧ10,000繝医・繧ｯ繝ｳ繝励Ξ繧ｼ繝ｳ繝茨ｼ―",\"languageSwitch\":{\"jp\":\"JP\",\"en\":\"EN\"},\"chatMessages\":[\"莉頑律縺ｯ菴輔・縺願ｩｱ繧偵☆繧具ｼ溪惠\",\"荵・＠縺ｶ繧奇ｼ√∪縺滉ｼ壹∴縺溘・瀦\",\"縺ｩ繧薙↑荳譌･縺縺｣縺滂ｼ溟沍歃",\"荳邱偵↓驕翫・縺溘＞縺ｪ式\",\"縺願ｩｱ縺励＠繧医≧繧芋汳ｭ\",\"縺ｾ縺滉ｼ壹∴縺ｦ螫峨＠縺・汳暴",\"莉頑律繧よ･ｽ縺励￥驕弱＃縺昴≧決\",\"縺ゅ↑縺溘・縺薙→縺悟､ｧ螂ｽ縺昨汳拿"]},\"dashboard\":{\"title\":\"縺翫°縺医ｊ縺ｪ縺輔＞縲＋name}縺輔ｓ\",\"welcome\":\"莉頑律繧らｴ謨ｵ縺ｪ荳譌･繧偵♀驕弱＃縺励￥縺縺輔＞・―",\"subtitle\":\"繧ｭ繝｣繝ｩ繧ｯ繧ｿ繝ｼ縺ｨ縺ｮ莨夊ｩｱ繧・い繧ｯ繝・ぅ繝薙ユ繧｣縺ｮ讎りｦ―",\"loading\":\"隱ｭ縺ｿ霎ｼ縺ｿ荳ｭ...\",\"error\":\"繝・・繧ｿ縺ｮ蜿門ｾ励↓螟ｱ謨励＠縺ｾ縺励◆\",\"retry\":\"蜀崎ｩｦ陦圭",\"defaultUser\":\"繝ｦ繝ｼ繧ｶ繝ｼ\",\"stats\":{\"tokens\":\"菫晄怏繝医・繧ｯ繝ｳ\",\"totalChats\":\"邱上メ繝｣繝・ヨ謨ｰ\",\"characters\":\"繧ｭ繝｣繝ｩ繧ｯ繧ｿ繝ｼ謨ｰ\",\"maxAffinity\":\"譛鬮倩ｦｪ蟇・ｺｦ\"},\"recentChats\":{\"title\":\"譛霑代・繝√Ε繝・ヨ\",\"empty\":\"縺ｾ縺繝√Ε繝・ヨ螻･豁ｴ縺後≠繧翫∪縺帙ｓ\"},\"affinity\":{\"title\":\"隕ｪ蟇・ｺｦ縺ｮ騾ｲ謐予",\"empty\":\"縺ｾ縺隕ｪ蟇・ｺｦ繝・・繧ｿ縺後≠繧翫∪縺帙ｓ\"}},\"purchaseHistory\":{\"title\":\"雉ｼ蜈･螻･豁ｴ\",\"subtitle\":\"縺薙ｌ縺ｾ縺ｧ縺ｮ雉ｼ蜈･險倬鹸繧堤｢ｺ隱阪〒縺阪∪縺兔",\"loading\":\"雉ｼ蜈･螻･豁ｴ繧定ｪｭ縺ｿ霎ｼ縺ｿ荳ｭ...\",\"summary\":{\"totalSpent\":\"邱乗髪謇暮｡構",\"tokens\":\"繝医・繧ｯ繝ｳ\",\"characters\":\"繧ｭ繝｣繝ｩ繧ｯ繧ｿ繝ｼ\",\"totalTransactions\":\"邱丞叙蠑募屓謨ｰ\",\"count\":\"{count}蝗杤",\"characterCount\":\"{count}菴貼"},\"filters\":{\"label\":\"繝輔ぅ繝ｫ繧ｿ繝ｼ:\",\"all\":\"蜈ｨ縺ｦ\",\"token\":\"繝医・繧ｯ繝ｳ\",\"character\":\"繧ｭ繝｣繝ｩ繧ｯ繧ｿ繝ｼ\",\"subscription\":\"繧ｵ繝悶せ繧ｯ繝ｪ繝励す繝ｧ繝ｳ\"},\"sort\":{\"label\":\"繧ｽ繝ｼ繝・\",\"dateDesc\":\"譌･莉假ｼ域眠縺励＞鬆・ｼ噂",\"dateAsc\":\"譌･莉假ｼ亥商縺・・ｼ噂",\"amountDesc\":\"驥鷹｡搾ｼ磯ｫ倥＞鬆・ｼ噂",\"amountAsc\":\"驥鷹｡搾ｼ亥ｮ峨＞鬆・ｼ噂"},\"table\":{\"product\":\"蝠・刀\",\"date\":\"譌･莉禄",\"amount\":\"驥鷹｡構",\"paymentMethod\":\"謾ｯ謇墓婿豕表",\"status\":\"繧ｹ繝・・繧ｿ繧ｹ\",\"actions\":\"謫堺ｽ彌"},\"status\":{\"completed\":\"螳御ｺ・",\"pending\":\"蜃ｦ逅・ｸｭ\",\"failed\":\"螟ｱ謨予",\"refunded\":\"霑秘≡貂医∩\"},\"details\":{\"amount\":\"驥鷹｡・\",\"paymentMethod\":\"謾ｯ謇墓婿豕・\",\"invoice\":\"隲区ｱよ嶌\",\"details\":\"隧ｳ邏ｰ\"},\"types\":{\"token\":\"{amount}繝医・繧ｯ繝ｳ\",\"character\":\"1繧ｭ繝｣繝ｩ繧ｯ繧ｿ繝ｼ\",\"subscription\":\"繧ｵ繝悶せ繧ｯ繝ｪ繝励す繝ｧ繝ｳ\",\"tokenUnit\":\"繝医・繧ｯ繝ｳ\",\"characterUnit\":\"繧ｭ繝｣繝ｩ繧ｯ繧ｿ繝ｼ\"},\"purchaseTypes\":{\"tokenPurchase\":\"繝医・繧ｯ繝ｳ雉ｼ蜈･\",\"characterPurchase\":\"繧ｭ繝｣繝ｩ繧ｯ繧ｿ繝ｼ雉ｼ蜈･\",\"subscriptionPurchase\":\"繧ｵ繝悶せ繧ｯ繝ｪ繝励す繝ｧ繝ｳ雉ｼ蜈･\"},\"empty\":{\"title\":\"雉ｼ蜈･螻･豁ｴ縺後≠繧翫∪縺帙ｓ\",\"description\":\"縺ｾ縺雉ｼ蜈･縺瑚｡後ｏ繧後※縺・∪縺帙ｓ縲・"}},\"moods\":{\"happy\":\"螫峨＠縺Ы",\"sad\":\"謔ｲ縺励＞\",\"angry\":\"諤偵▲縺ｦ縺・ｋ\",\"excited\":\"繧上￥繧上￥\",\"melancholic\":\"諞るｬｱ\",\"shy\":\"諱･縺壹°縺励′繧浬",\"neutral\":\"譎ｮ騾喀",\"unknown\":\"荳肴・\"},\"settings\":{\"title\":\"險ｭ螳喀",\"subtitle\":\"繧｢繧ｫ繧ｦ繝ｳ繝域ュ蝣ｱ縺ｨ繧ｻ繧ｭ繝･繝ｪ繝・ぅ險ｭ螳壹ｒ邂｡逅・＠縺ｾ縺兔",\"profile\":{\"title\":\"繝励Ο繝輔ぅ繝ｼ繝ｫ諠・ｱ\",\"username\":\"繝ｦ繝ｼ繧ｶ繝ｼ蜷構",\"email\":\"繝｡繝ｼ繝ｫ繧｢繝峨Ξ繧ｹ\",\"edit\":\"繝励Ο繝輔ぅ繝ｼ繝ｫ繧堤ｷｨ髮・",\"save\":\"繝励Ο繝輔ぅ繝ｼ繝ｫ繧剃ｿ晏ｭ禄",\"cancel\":\"繧ｭ繝｣繝ｳ繧ｻ繝ｫ\"},\"security\":{\"title\":\"繝代せ繝ｯ繝ｼ繝牙､画峩\",\"changePassword\":\"繝代せ繝ｯ繝ｼ繝牙､画峩\",\"currentPassword\":\"迴ｾ蝨ｨ縺ｮ繝代せ繝ｯ繝ｼ繝噂",\"newPassword\":\"譁ｰ縺励＞繝代せ繝ｯ繝ｼ繝噂",\"confirmPassword\":\"譁ｰ縺励＞繝代せ繝ｯ繝ｼ繝会ｼ育｢ｺ隱搾ｼ噂",\"savePassword\":\"繝代せ繝ｯ繝ｼ繝峨ｒ螟画峩\"},\"account\":{\"title\":\"繧｢繧ｫ繧ｦ繝ｳ繝郁ｨｭ螳喀",\"deleteAccount\":\"繧｢繧ｫ繧ｦ繝ｳ繝亥炎髯､\",\"dangerZone\":\"蜊ｱ髯ｺ繧ｨ繝ｪ繧｢\",\"deleteWarning\":\"繧｢繧ｫ繧ｦ繝ｳ繝医ｒ蜑企勁縺吶ｋ縺ｨ縲∝・縺ｦ縺ｮ繝・・繧ｿ縺梧ｰｸ荵・↓螟ｱ繧上ｌ縺ｾ縺吶ゅ％縺ｮ謫堺ｽ懊・蜿悶ｊ豸医○縺ｾ縺帙ｓ縲・",\"deleteDescription\":\"繧｢繧ｫ繧ｦ繝ｳ繝医ｒ蜑企勁縺吶ｋ縺ｨ縲∝・縺ｦ縺ｮ繝・・繧ｿ縺悟､ｱ繧上ｌ縲∝ｾｩ蜈・☆繧九％縺ｨ縺ｯ縺ｧ縺阪∪縺帙ｓ縲・",\"deletePasswordConfirmation\":\"繧｢繧ｫ繧ｦ繝ｳ繝亥炎髯､繧堤｢ｺ隱阪☆繧九◆繧√√ヱ繧ｹ繝ｯ繝ｼ繝峨ｒ蜈･蜉帙＠縺ｦ縺上□縺輔＞縲・",\"deleteConfirmation\":\"繧｢繧ｫ繧ｦ繝ｳ繝亥炎髯､繧堤｢ｺ隱阪☆繧九◆繧√∽ｸ九・繝・く繧ｹ繝医・繝・け繧ｹ縺ｫ縲碁莨壹☆繧九阪→蜈･蜉帙＠縺ｦ縺上□縺輔＞縲・",\"deleteButton\":\"繧｢繧ｫ繧ｦ繝ｳ繝医ｒ蜑企勁\",\"deleteInput\":\"騾莨壹☆繧欺",\"deleteModal\":{\"title\":\"譛ｬ蠖薙↓繧｢繧ｫ繧ｦ繝ｳ繝医ｒ蜑企勁縺励∪縺吶°・歃",\"description\":\"莉･荳九・蜀・ｮｹ繧偵ｈ縺上♀隱ｭ縺ｿ縺ｫ縺ｪ繧翫∫炊隗｣縺励◆荳翫〒蜑企勁繧貞ｮ溯｡後＠縺ｦ縺上□縺輔＞縲・",\"consequence1\":\"謇謖√＠縺ｦ縺・ｋ繝医・繧ｯ繝√こ繝・ヨ縺ｯ蜈ｨ縺ｦ螟ｱ繧上ｌ縺ｾ縺兔",\"consequence2\":\"繧ｭ繝｣繝ｩ繧ｯ繧ｿ繝ｼ縺ｨ縺ｮ莨夊ｩｱ螻･豁ｴ繧・ｦｪ蟇・ｺｦ縺ｯ蜈ｨ縺ｦ蜑企勁縺輔ｌ縺ｾ縺兔",\"consequence3\":\"蜑企勁縺輔ｌ縺溘い繧ｫ繧ｦ繝ｳ繝医・莠悟ｺｦ縺ｨ蠕ｩ蜈・☆繧九％縺ｨ縺ｯ縺ｧ縺阪∪縺帙ｓ\",\"warning\":\"笞・・縺薙・謫堺ｽ懊・蜿悶ｊ豸医☆縺薙→縺後〒縺阪∪縺帙ｓ縲ゅい繧ｫ繧ｦ繝ｳ繝医ｒ蜑企勁縺吶ｋ縺ｨ縲∝・縺ｦ縺ｮ繝・・繧ｿ縺梧ｰｸ荵・↓螟ｱ繧上ｌ縺ｾ縺吶・",\"confirmText\":\"荳願ｨ倥・蜀・ｮｹ繧堤炊隗｣縺励√い繧ｫ繧ｦ繝ｳ繝医ｒ蜑企勁縺吶ｋ縺薙→縺ｫ蜷梧э縺励∪縺兔",\"deleteButton\":\"繧｢繧ｫ繧ｦ繝ｳ繝医ｒ螳悟・縺ｫ蜑企勁\",\"cancelButton\":\"繧ｭ繝｣繝ｳ繧ｻ繝ｫ\"}},\"language\":{\"title\":\"險隱櫁ｨｭ螳喀",\"currentLanguage\":\"迴ｾ蝨ｨ縺ｮ險隱杤",\"selectLanguage\":\"險隱槭ｒ驕ｸ謚杤",\"japanese\":\"譌･譛ｬ隱杤",\"english\":\"English\",\"saveLanguage\":\"險隱櫁ｨｭ螳壹ｒ菫晏ｭ禄",\"languageChanged\":\"險隱櫁ｨｭ螳壹ｒ螟画峩縺励∪縺励◆\"},\"errors\":{\"updateFailed\":\"譖ｴ譁ｰ縺ｫ螟ｱ謨励＠縺ｾ縺励◆\",\"passwordMismatch\":\"繝代せ繝ｯ繝ｼ繝峨′荳閾ｴ縺励∪縺帙ｓ\",\"passwordTooShort\":\"繝代せ繝ｯ繝ｼ繝峨・8譁・ｭ嶺ｻ･荳翫〒蜈･蜉帙＠縺ｦ縺上□縺輔＞\",\"required\":\"蠢・磯・岼縺ｧ縺兔",\"usernamePlaceholder\":\"繝ｦ繝ｼ繧ｶ繝ｼ蜷阪ｒ蜈･蜉媾",\"emailPlaceholder\":\"繝｡繝ｼ繝ｫ繧｢繝峨Ξ繧ｹ繧貞・蜉媾",\"usernameRequired\":\"繝ｦ繝ｼ繧ｶ繝ｼ蜷阪ｒ蜈･蜉帙＠縺ｦ縺上□縺輔＞\",\"emailRequired\":\"譛牙柑縺ｪ繝｡繝ｼ繝ｫ繧｢繝峨Ξ繧ｹ繧貞・蜉帙＠縺ｦ縺上□縺輔＞\",\"currentPasswordRequired\":\"迴ｾ蝨ｨ縺ｮ繝代せ繝ｯ繝ｼ繝峨ｒ蜈･蜉帙＠縺ｦ縺上□縺輔＞\",\"newPasswordTooShort\":\"譁ｰ縺励＞繝代せ繝ｯ繝ｼ繝峨・8譁・ｭ嶺ｻ･荳翫〒蜈･蜉帙＠縺ｦ縺上□縺輔＞\",\"newPasswordMismatch\":\"譁ｰ縺励＞繝代せ繝ｯ繝ｼ繝峨′荳閾ｴ縺励∪縺帙ｓ\",\"confirmTextIncorrect\":\"遒ｺ隱阪ユ繧ｭ繧ｹ繝医′豁｣縺励￥縺ゅｊ縺ｾ縺帙ｓ\",\"passwordRequired\":\"繝代せ繝ｯ繝ｼ繝峨ｒ蜈･蜉帙＠縺ｦ縺上□縺輔＞\",\"incorrectPassword\":\"繝代せ繝ｯ繝ｼ繝峨′豁｣縺励￥縺ゅｊ縺ｾ縺帙ｓ\",\"userDataFetchFailed\":\"繝ｦ繝ｼ繧ｶ繝ｼ諠・ｱ縺ｮ蜿門ｾ励↓螟ｱ謨励＠縺ｾ縺励◆\",\"profileUpdateFailed\":\"繝励Ο繝輔ぅ繝ｼ繝ｫ縺ｮ譖ｴ譁ｰ縺ｫ螟ｱ謨励＠縺ｾ縺励◆\",\"passwordChangeFailed\":\"繝代せ繝ｯ繝ｼ繝峨・螟画峩縺ｫ螟ｱ謨励＠縺ｾ縺励◆\",\"accountDeleteFailed\":\"繧｢繧ｫ繧ｦ繝ｳ繝医・蜑企勁縺ｫ螟ｱ謨励＠縺ｾ縺励◆\"},\"success\":{\"profileUpdated\":\"繝励Ο繝輔ぅ繝ｼ繝ｫ繧呈峩譁ｰ縺励∪縺励◆\",\"passwordChanged\":\"繝代せ繝ｯ繝ｼ繝峨ｒ螟画峩縺励∪縺励◆\",\"accountDeleted\":\"繧｢繧ｫ繧ｦ繝ｳ繝医ｒ蜑企勁縺励∪縺励◆\"},\"placeholders\":{\"username\":\"繝ｦ繝ｼ繧ｶ繝ｼ蜷阪ｒ蜈･蜉媾",\"email\":\"繝｡繝ｼ繝ｫ繧｢繝峨Ξ繧ｹ繧貞・蜉媾",\"currentPassword\":\"迴ｾ蝨ｨ縺ｮ繝代せ繝ｯ繝ｼ繝噂",\"newPassword\":\"譁ｰ縺励＞繝代せ繝ｯ繝ｼ繝会ｼ・譁・ｭ嶺ｻ･荳奇ｼ噂",\"confirmPassword\":\"譁ｰ縺励＞繝代せ繝ｯ繝ｼ繝会ｼ育｢ｺ隱搾ｼ噂",\"deleteInput\":\"騾莨壹☆繧欺",\"password\":\"繝代せ繝ｯ繝ｼ繝噂"},\"labels\":{\"changePassword\":\"繝代せ繝ｯ繝ｼ繝牙､画峩\",\"currentPassword\":\"迴ｾ蝨ｨ縺ｮ繝代せ繝ｯ繝ｼ繝噂",\"newPassword\":\"譁ｰ縺励＞繝代せ繝ｯ繝ｼ繝噂",\"confirmPassword\":\"譁ｰ縺励＞繝代せ繝ｯ繝ｼ繝会ｼ育｢ｺ隱搾ｼ噂",\"deleteAccount\":\"繧｢繧ｫ繧ｦ繝ｳ繝亥炎髯､\"},\"buttons\":{\"saving\":\"菫晏ｭ倅ｸｭ...\",\"changing\":\"螟画峩荳ｭ...\",\"deleting\":\"蜑企勁荳ｭ...\"},\"noData\":{\"username\":\"繝ｦ繝ｼ繧ｶ繝ｼ蜷阪′險ｭ螳壹＆繧後※縺・∪縺帙ｓ\",\"email\":\"繝｡繝ｼ繝ｫ繧｢繝峨Ξ繧ｹ縺瑚ｨｭ螳壹＆繧後※縺・∪縺帙ｓ\"},\"confirmDialog\":{\"deleteAccount\":\"譛ｬ蠖薙↓繧｢繧ｫ繧ｦ繝ｳ繝医ｒ蜑企勁縺励∪縺吶°・溘％縺ｮ謫堺ｽ懊・蜿悶ｊ豸医○縺ｾ縺帙ｓ縲・"}},\"setup\":{\"greeting\":\"縺ｯ縺倥ａ縺ｾ縺励※\",\"namePrompt\":\"縺ゅ↑縺溘・縺雁錐蜑阪ｒ謨吶∴縺ｦ縺上□縺輔＞\",\"nameLabel\":\"縺雁錐蜑構",\"namePlaceholder\":\"萓具ｼ壼､ｪ驛蚕",\"next\":\"谺｡縺ｸ\",\"startChat\":\"繝√Ε繝・ヨ繧貞ｧ九ａ繧欺",\"characterSelection\":\"螂ｽ縺阪↑繧ｭ繝｣繝ｩ繧ｯ繧ｿ繝ｼ繧帝∈謚槭＠縺ｦ縺上□縺輔＞\",\"settingUp\":\"繧ｻ繝・ヨ繧｢繝・・荳ｭ...\",\"errors\":{\"nameRequired\":\"縺雁錐蜑阪ｒ蜈･蜉帙＠縺ｦ縺上□縺輔＞\",\"characterRequired\":\"繧ｭ繝｣繝ｩ繧ｯ繧ｿ繝ｼ繧帝∈謚槭＠縺ｦ縺上□縺輔＞\",\"charactersFetchFailed\":\"繧ｭ繝｣繝ｩ繧ｯ繧ｿ繝ｼ諠・ｱ縺ｮ蜿門ｾ励↓螟ｱ謨励＠縺ｾ縺励◆\",\"setupFailed\":\"繧ｻ繝・ヨ繧｢繝・・縺ｫ螟ｱ謨励＠縺ｾ縺励◆\",\"setupFailedRetry\":\"繧ｻ繝・ヨ繧｢繝・・縺ｫ螟ｱ謨励＠縺ｾ縺励◆縲ゅｂ縺・ｸ蠎ｦ縺願ｩｦ縺励￥縺縺輔＞縲・"}},\"chatLayout\":{\"advancedOn\":\"鬮伜ｺｦ陦ｨ遉ｺ繧ｪ繝ｳ\",\"advancedOff\":\"鬮伜ｺｦ陦ｨ遉ｺ繧ｪ繝表",\"tokens\":\"譫喀",\"shiftEnterHint\":\"Shift+繧ｨ繝ｳ繧ｿ繝ｼ縺ｧ謾ｹ陦後〒縺阪∪縺兔",\"messagePlaceholder\":\"{characterName}縺ｫ繝｡繝・そ繝ｼ繧ｸ繧帝√ｋ...\",\"cost\":\"邏кcost}譫喀"},\"errors\":{\"loadFailed\":\"繝・・繧ｿ縺ｮ隱ｭ縺ｿ霎ｼ縺ｿ縺ｫ螟ｱ謨励＠縺ｾ縺励◆\",\"chatLoadFailed\":\"繝√Ε繝・ヨ繝・・繧ｿ縺ｮ隱ｭ縺ｿ霎ｼ縺ｿ縺ｫ螟ｱ謨励＠縺ｾ縺励◆\",\"notFound\":\"繝・・繧ｿ縺瑚ｦ九▽縺九ｊ縺ｾ縺帙ｓ\",\"loginInProgress\":\"繝ｭ繧ｰ繧､繝ｳ荳ｭ...\",\"registrationFailed\":\"逋ｻ骭ｲ縺ｫ螟ｱ謨励＠縺ｾ縺励◆\",\"networkError\":\"繝阪ャ繝医Ρ繝ｼ繧ｯ繧ｨ繝ｩ繝ｼ縺檎匱逕溘＠縺ｾ縺励◆\"},\"affinity\":{\"title\":\"隕ｪ蟇・ｺｦ\",\"expNeeded\":\"縺ゅ→{needed}EXP\",\"levelUp\":\"Lv.{level}\",\"levelUpNotification\":\"UP!\",\"levelUpTitle\":\"繝ｬ繝吶Ν繧｢繝・・・―",\"unlockedImages\":\"隗｣謾ｾ貂医∩: {count}譫喀",\"newImagesAvailable\":\"譁ｰ縺励＞逕ｻ蜒上′蛻ｩ逕ｨ蜿ｯ閭ｽ・―",\"unlocksAt\":\"Lv.{level}縺ｧ隗｣謾ｾ\",\"newImageUnlocked\":\"譁ｰ縺励＞逕ｻ蜒上′繧｢繝ｳ繝ｭ繝・け縺輔ｌ縺ｾ縺励◆・―",\"newImageUnlockedTitle\":\"譁ｰ縺励＞繧､繝ｩ繧ｹ繝医′隗｣謾ｾ縺輔ｌ縺ｾ縺励◆・―",\"viewImages\":\"逕ｻ蜒上ｒ遒ｺ隱阪☆繧欺",\"continueChat\":\"莨夊ｩｱ繧堤ｶ壹￠繧欺",\"galleryView\":\"繝ｩ繧､繝悶Λ繝ｪ縺ｧ遒ｺ隱阪☆繧欺",\"improvesByChat\":\"繧ｭ繝｣繝ｩ繧ｯ繧ｿ繝ｼ縺ｨ縺ｮ莨夊ｩｱ縺ｧ隕ｪ蟇・ｺｦ縺後い繝・・縺励∪縺兔",\"learnMore\":\"隕ｪ蟇・ｺｦ縺ｫ縺､縺・※隧ｳ縺励￥隕九ｋ\",\"specialRewardSoon\":\"迚ｹ蜈ｸ隗｣謾ｾ縺ｾ縺ｧ縺ゅ→蟆代＠・―",\"intimacy\":\"隕ｪ蟇・ｺｦ\",\"currentLevel\":\"迴ｾ蝨ｨ縺ｮ繝ｬ繝吶Ν: {level}\",\"unlockedCount\":\"隗｣謾ｾ貂医∩: {count}譫喀",\"lockedCount\":\"譛ｪ隗｣謾ｾ: {count}譫喀",\"loading\":\"逕ｻ蜒上ｒ隱ｭ縺ｿ霎ｼ縺ｿ荳ｭ...\",\"unlockedSection\":\"隗｣謾ｾ貂医∩逕ｻ蜒十",\"lockedSection\":\"譛ｪ隗｣謾ｾ逕ｻ蜒十",\"experienceProgress\":\"EXP: {current} / {max}\",\"experienceToNext\":\"谺｡縺ｮ繝ｬ繝吶Ν縺ｾ縺ｧ: {exp}EXP\",\"systemTitle\":\"隕ｪ蟇・ｺｦ繧ｷ繧ｹ繝・Β縺ｫ縺､縺・※\",\"levelRewards\":\"繝ｬ繝吶Ν迚ｹ蜈ｸ\",\"encourageChat\":\"繧ｭ繝｣繝ｩ繧ｯ繧ｿ繝ｼ縺ｨ縺溘￥縺輔ｓ隧ｱ縺励※隕ｪ蟇・ｺｦ繧剃ｸ翫￡縺ｾ縺励ｇ縺・ｼ―",\"unlockByLevel\":\"隕ｪ蟇・ｺｦ繧剃ｸ翫￡縺ｦ譁ｰ縺励＞逕ｻ蜒上ｒ隗｣謾ｾ縺励∪縺励ｇ縺・ｼ―",\"characterAffinityImage\":\"{characterName} 縺ｮ隕ｪ蟇・ｺｦ逕ｻ蜒十",\"ranks\":{\"acquaintance\":\"遏･繧雁粋縺Ы",\"friend\":\"蜿矩＃\",\"closeFriend\":\"隕ｪ蜿欺",\"expert\":\"繧ｨ繧ｭ繧ｹ繝代・繝・",\"master\":\"繝槭せ繧ｿ繝ｼ\"},\"intimacyWithRank\":\"隕ｪ蟇・ｺｦ・・rank}・噂",\"modalTitle\":\"隕ｪ蟇・ｺｦ隧ｳ邏ｰ\",\"modalSubtitle\":\"繧ｭ繝｣繝ｩ繧ｯ繧ｿ繝ｼ縺ｨ縺ｮ髢｢菫よｧ繧定ｩｳ縺励￥遒ｺ隱構",\"expGainMethods\":\"邨碁ｨ灘､縺ｮ迯ｲ蠕玲婿豕表",\"expGainMessage\":\"繝｡繝・そ繝ｼ繧ｸ騾∽ｿ｡: +10 EXP\",\"expGainLongChat\":\"髟ｷ縺・ｼ夊ｩｱ: +20 EXP\",\"expGainDaily\":\"騾｣邯壹Ο繧ｰ繧､繝ｳ: +5 EXP\",\"expGainEvent\":\"迚ｹ蛻･繧､繝吶Φ繝・ +50 EXP\",\"rewardLv20\":\"Lv.20豈・ 譁ｰ縺励＞隧ｱ鬘瑚ｿｽ蜉\",\"rewardLv50\":\"Lv.50豈・ 髯仙ｮ壹さ繝ｳ繝・Φ繝Ы",\"rewardLv100\":\"Lv.100: 蟆ら畑繧ｨ繝ｳ繝・ぅ繝ｳ繧ｰ\"},\"tokens\":{\"balance\":\"繝医・繧ｯ繝ｳ谿矩ｫ禄",\"unit\":\"譫喀",\"remainingMessages\":\"・医≠縺ｨ邏кcount}繝｡繝・そ繝ｼ繧ｸ・噂",\"noTokensLeft\":\"・医ヨ繝ｼ繧ｯ繝ｳ縺後≠繧翫∪縺帙ｓ・噂",\"purchase\":\"繝医・繧ｯ繝√こ繝・ヨ雉ｼ蜈･\",\"loading\":\"隱ｭ縺ｿ霎ｼ縺ｿ荳ｭ...\",\"consumed\":\"豸郁ｲｻ: {amount}譫喀",\"lowBalanceWarning\":\"谿矩㍼隴ｦ蜻浬",\"totalPurchased\":\"邱剰ｳｼ蜈･謨ｰ\",\"used\":\"菴ｿ逕ｨ貂医∩\",\"dailyAverage\":\"譌･蟷ｳ蝮・ｽｿ逕ｨ驥十",\"estimatedDaysLeft\":\"莠域Φ谿九ｊ譌･謨ｰ\",\"aboutDays\":\"邏кdays}譌･\",\"lowBalanceTitle\":\"繝医・繧ｯ繝ｳ谿矩㍼縺悟ｰ代▲縺ｦ縺上□縺輔＞縺・∪縺兔",\"lowBalanceDesc\":\"邯咏ｶ壹＠縺ｦ繝√Ε繝・ヨ繧呈･ｽ縺励・縺溘ａ縺ｫ縲√ヨ繝ｼ繧ｯ繝ｳ縺ｮ陬懷・繧偵♀蠢倥ｌ縺ｪ縺擾ｼ―",\"refill\":\"繝医・繧ｯ繝ｳ繧定｣懷・縺吶ｋ\",\"buy\":\"繝医・繧ｯ繝ｳ繧定ｳｼ蜈･\",\"remaining\":\"谿矩㍼\",\"tokenUnit\":\"譫喀"},\"general\":{\"logout\":\"繝ｭ繧ｰ繧｢繧ｦ繝・",\"logoutConfirm\":\"繝ｭ繧ｰ繧｢繧ｦ繝医＠縺ｾ縺吶°・歃",\"viewAll\":\"縺吶∋縺ｦ隕九ｋ\",\"markAllRead\":\"縺吶∋縺ｦ譌｢隱ｭ\",\"read\":\"譌｢隱ｭ\",\"unread\":\"譛ｪ隱ｭ\",\"close\":\"髢峨§繧欺",\"ago\":\"蜑構",\"minutes\":\"蛻・",\"hours\":\"譎る俣\",\"days\":\"譌･\",\"items\":\"莉ｶ\",\"times\":\"蝗杤",\"unit\":{\"times\":\"蝗杤"}},\"badges\":{\"title\":\"繝舌ャ繧ｸ繧ｳ繝ｬ繧ｯ繧ｷ繝ｧ繝ｳ\",\"acquired\":\"迯ｲ蠕玲ｸ医∩\",\"achievementRate\":\"驕疲・邇Ⅸ",\"progress\":\"騾ｲ謐予",\"all\":\"縺吶∋縺ｦ\",\"unlocked\":\"迯ｲ蠕玲ｸ医∩\",\"locked\":\"譛ｪ迯ｲ蠕予",\"preparing\":\"繝舌ャ繧ｸ繧ｷ繧ｹ繝・Β繧呈ｺ門ｙ荳ｭ縺ｧ縺・..\",\"noAcquired\":\"迯ｲ蠕玲ｸ医∩縺ｮ繝舌ャ繧ｸ縺後≠繧翫∪縺帙ｓ\",\"allCompleted\":\"縺吶∋縺ｦ縺ｮ繝舌ャ繧ｸ繧堤佐蠕玲ｸ医∩縺ｧ縺呻ｼ―",\"noBadges\":\"繝舌ャ繧ｸ縺後≠繧翫∪縺帙ｓ\",\"encouragement\":\"繧｢繧ｯ繝・ぅ繝薙ユ繧｣繧帝壹§縺ｦ譁ｰ縺励＞繝舌ャ繧ｸ繧堤佐蠕励＠繧医≧・―",\"learnMore\":\"繝舌ャ繧ｸ縺ｫ縺､縺・※隧ｳ縺励￥隕九ｋ\",\"badgeDetail\":\"繝舌ャ繧ｸ隧ｳ邏ｰ\",\"description\":\"隱ｬ譏蚕",\"acquiredDate\":\"迯ｲ蠕玲律譎・\",\"acquireCondition\":\"迯ｲ蠕玲擅莉ｶ\",\"completed\":\"% 螳御ｺ・",\"autoAcquire\":\"譚｡莉ｶ繧呈ｺ縺溘☆縺ｨ閾ｪ蜍慕噪縺ｫ迯ｲ蠕励＆繧後∪縺兔",\"hint\":\"驕疲・縺ｮ繝偵Φ繝・",\"categories\":{\"beginner\":\"蛻晏ｿ・・髄縺曾",\"chat\":\"繝√Ε繝・ヨ邉ｻ\",\"affinity\":\"隕ｪ蟇・ｺｦ邉ｻ\",\"general\":\"荳闊ｬ\"},\"hints\":{\"startChat\":\"繧ｭ繝｣繝ｩ繧ｯ繧ｿ繝ｼ縺ｨ縺ｮ蛻晏屓繝√Ε繝・ヨ縺九ｉ蟋九ａ縺ｾ縺励ｇ縺・",\"continueChat\":\"豈取律繧ｳ繝・さ繝・→繝√Ε繝・ヨ繧堤ｶ壹￠繧九％縺ｨ縺悟､ｧ蛻・〒縺兔",\"buildAffinity\":\"隕ｪ蟇・ｺｦ繧剃ｸ翫￡繧九↓縺ｯ譎る俣繧偵°縺代※繧ｭ繝｣繝ｩ繧ｯ繧ｿ繝ｼ縺ｨ莠､豬√＠縺ｾ縺励ｇ縺・",\"general\":\"讒倥・↑繧｢繧ｯ繝・ぅ繝薙ユ繧｣縺ｫ蜿ょ刈縺励※縺ｿ縺ｦ縺上□縺輔＞\"},\"modalTitle\":\"繝舌ャ繧ｸ繧ｷ繧ｹ繝・Β縺ｫ縺､縺・※\",\"modalSubtitle\":\"豢ｻ蜍輔ｄ驕疲・繧定ｨ倬鹸縺吶ｋ遘ｰ蜿ｷ繧ｷ繧ｹ繝・Β\",\"whatIsBadge\":\"繝舌ャ繧ｸ繧ｷ繧ｹ繝・Β縺ｨ縺ｯ・歃",\"badgeDescription\":\"繝舌ャ繧ｸ縺ｯ縲，haractier縺ｧ縺ｮ縺ゅ↑縺溘・豢ｻ蜍輔ｄ驕疲・繧定ｨ倬鹸縺吶ｋ迚ｹ蛻･縺ｪ遘ｰ蜿ｷ縺ｧ縺吶ゅく繝｣繝ｩ繧ｯ繧ｿ繝ｼ縺ｨ縺ｮ莨夊ｩｱ縲∬ｦｪ蟇・ｺｦ縺ｮ蜷台ｸ翫√し繝ｼ繝薙せ縺ｮ蛻ｩ逕ｨ繧帝壹§縺ｦ讒倥・↑繝舌ャ繧ｸ繧堤佐蠕励〒縺阪∪縺吶・",\"badgeTypes\":\"繝舌ャ繧ｸ縺ｮ遞ｮ鬘杤",\"beginnerBadgeTitle\":\"蛻晏ｿ・・髄縺代ヰ繝・ず\",\"beginnerBadgeDesc\":\"繧ｵ繝ｼ繝薙せ繧貞ｧ九ａ縺溘・縺九ｊ縺ｮ譁ｹ蜷代￠縺ｮ繝舌ャ繧ｸ縺ｧ縺吶ょ渕譛ｬ逧・↑讖溯・縺ｮ蛻ｩ逕ｨ繧・・蝗槭・繧｢繧ｯ繧ｷ繝ｧ繝ｳ縺ｧ迯ｲ蠕励〒縺阪∪縺吶・",\"chatBadgeTitle\":\"繝√Ε繝・ヨ邉ｻ繝舌ャ繧ｸ\",\"chatBadgeDesc\":\"繧ｭ繝｣繝ｩ繧ｯ繧ｿ繝ｼ縺ｨ縺ｮ莨夊ｩｱ縺ｫ髢｢騾｣縺吶ｋ繝舌ャ繧ｸ縺ｧ縺吶ゅΓ繝・そ繝ｼ繧ｸ謨ｰ繧・ｼ夊ｩｱ縺ｮ邯咏ｶ壽律謨ｰ縺ｪ縺ｩ縺ｧ迯ｲ蠕励〒縺阪∪縺吶・",\"affinityBadgeTitle\":\"隕ｪ蟇・ｺｦ邉ｻ繝舌ャ繧ｸ\",\"affinityBadgeDesc\":\"繧ｭ繝｣繝ｩ繧ｯ繧ｿ繝ｼ縺ｨ縺ｮ隕ｪ蟇・ｺｦ蜷台ｸ翫↓髢｢縺吶ｋ繝舌ャ繧ｸ縺ｧ縺吶ら音螳壹・繝ｬ繝吶Ν蛻ｰ驕斐ｄ隍・焚繧ｭ繝｣繝ｩ繧ｯ繧ｿ繝ｼ縺ｨ縺ｮ髢｢菫よｧ狗ｯ峨〒迯ｲ蠕励〒縺阪∪縺吶・",\"specialBadgeTitle\":\"迚ｹ蛻･繝舌ャ繧ｸ\",\"specialBadgeDesc\":\"迚ｹ螳壹・譚｡莉ｶ繧・悄髢馴剞螳壹う繝吶Φ繝医〒迯ｲ蠕励〒縺阪ｋ迚ｹ蛻･縺ｪ繝舌ャ繧ｸ縺ｧ縺吶ょｸ悟ｰ台ｾ｡蛟､縺ｮ鬮倥＞繝舌ャ繧ｸ繧ょ性縺ｾ繧後∪縺吶・",\"howToAcquire\":\"繝舌ャ繧ｸ縺ｮ迯ｲ蠕玲婿豕表",\"autoAcquireTitle\":\"閾ｪ蜍慕佐蠕予",\"autoAcquireDesc\":\"譚｡莉ｶ繧呈ｺ縺溘☆縺ｨ閾ｪ蜍慕噪縺ｫ繝舌ャ繧ｸ縺檎佐蠕励＆繧後∪縺吶ら佐蠕玲凾縺ｫ縺ｯ騾夂衍縺ｧ縺顔衍繧峨○縺励∪縺吶・",\"progressTrackTitle\":\"騾ｲ謐苓ｿｽ霍｡\",\"progressTrackDesc\":\"譛ｪ迯ｲ蠕励・繝舌ャ繧ｸ縺ｧ縺ｯ騾ｲ謐礼憾豕√ｒ遒ｺ隱阪〒縺阪∪縺吶ゅ←縺ｮ縺上ｉ縺・＃謌舌↓霑代▼縺・※縺・ｋ縺九′蛻・°繧翫∪縺吶・",\"rewardTitle\":\"迚ｹ蜈ｸ\",\"rewardDesc\":\"荳驛ｨ縺ｮ繝舌ャ繧ｸ縺ｫ縺ｯ迚ｹ蛻･縺ｪ迚ｹ蜈ｸ縺御ｻ倥＞縺ｦ縺・ｋ蝣ｴ蜷医′縺ゅｊ縺ｾ縺吶ゑｼ井ｻ雁ｾ悟ｮ溯｣・ｺ亥ｮ夲ｼ噂",\"tipsTitle\":\"繝舌ャ繧ｸ迯ｲ蠕励・繧ｳ繝Ы",\"tip1\":\"豈取律繧ｭ繝｣繝ｩ繧ｯ繧ｿ繝ｼ縺ｨ莨夊ｩｱ繧堤ｶ壹￠繧九％縺ｨ縺ｧ縲∫ｶ咏ｶ夐未騾｣縺ｮ繝舌ャ繧ｸ繧堤佐蠕励〒縺阪∪縺兔",\"tip2\":\"隍・焚縺ｮ繧ｭ繝｣繝ｩ繧ｯ繧ｿ繝ｼ縺ｨ莠､豬√☆繧九％縺ｨ縺ｧ縲∝ｹ・ｺ・＞繝舌ャ繧ｸ繧堤佐蠕励〒縺阪∪縺兔",\"tip3\":\"隕ｪ蟇・ｺｦ繧定ｨ育判逧・↓荳翫￡繧九％縺ｨ縺ｧ縲∬ｦｪ蟇・ｺｦ髢｢騾｣縺ｮ繝舌ャ繧ｸ繧貞柑邇・ｈ縺冗佐蠕励〒縺阪∪縺兔",\"tip4\":\"繝励Ο繝輔ぅ繝ｼ繝ｫ險ｭ螳壹ｄ繧ｵ繝ｼ繝薙せ讖溯・縺ｮ豢ｻ逕ｨ縺ｧ繧ょ・蠢・・ヰ繝・ず繧堤佐蠕励〒縺阪∪縺兔",\"noticeTitle\":\"縺疲ｳｨ諢十",\"notice1\":\"繝舌ャ繧ｸ縺ｯ荳蠎ｦ迯ｲ蠕励☆繧九→蜑企勁縺輔ｌ繧九％縺ｨ縺ｯ縺ゅｊ縺ｾ縺帙ｓ\",\"notice2\":\"荳驛ｨ縺ｮ繝舌ャ繧ｸ縺ｯ譛滄俣髯仙ｮ壹〒迯ｲ蠕怜庄閭ｽ縺ｪ蝣ｴ蜷医′縺ゅｊ縺ｾ縺兔",\"notice3\":\"繝舌ャ繧ｸ縺ｮ譚｡莉ｶ繧・ｨｮ鬘槭・莉雁ｾ後・繧｢繝・・繝・・繝医〒霑ｽ蜉縺輔ｌ繧句庄閭ｽ諤ｧ縺後≠繧翫∪縺兔"},\"notifications\":{\"title\":\"縺顔衍繧峨○\",\"loading\":\"縺顔衍繧峨○繧定ｪｭ縺ｿ霎ｼ縺ｿ荳ｭ...\",\"unreadCount\":\"莉ｶ譛ｪ隱ｭ\",\"important\":\"驥崎ｦ―",\"viewAll\":\"縺吶∋縺ｦ縺ｮ縺顔衍繧峨○繧定｡ｨ遉ｺ ({count}莉ｶ)\"},\"recentChats\":{\"title\":\"譛霑代・繝√Ε繝・ヨ\",\"noHistory\":\"縺ｾ縺繝√Ε繝・ヨ螻･豁ｴ縺後≠繧翫∪縺帙ｓ\",\"startChatting\":\"繧ｭ繝｣繝ｩ繧ｯ繧ｿ繝ｼ縺ｨ隧ｱ縺励※縺ｿ繧欺",\"messagesCount\":\"莉ｶ縺ｮ繝｡繝・そ繝ｼ繧ｸ\",\"continueReading\":\"邯壹″繧定ｪｭ繧\"},\"purchaseHistorySummary\":{\"title\":\"雉ｼ蜈･螻･豁ｴ\",\"totalSpent\":\"邱剰ｳｼ蜈･鬘構",\"purchasedTokens\":\"雉ｼ蜈･繝医・繧ｯ繝ｳ\",\"noHistory\":\"縺ｾ縺雉ｼ蜈･螻･豁ｴ縺後≠繧翫∪縺帙ｓ\",\"buyTokens\":\"繝医・繧ｯ繝ｳ繧定ｳｼ蜈･縺吶ｋ\",\"types\":{\"token\":\"{amount}繝医・繧ｯ繝ｳ\",\"tokenUnit\":\"繝医・繧ｯ繝ｳ\",\"character\":\"繧ｭ繝｣繝ｩ繧ｯ繧ｿ繝ｼ\",\"characterUnit\":\"繧ｭ繝｣繝ｩ繧ｯ繧ｿ繝ｼ\"}},\"rarity\":{\"common\":\"繧ｳ繝｢繝ｳ\",\"rare\":\"繝ｬ繧｢\",\"epic\":\"繧ｨ繝斐ャ繧ｯ\",\"legendary\":\"繝ｬ繧ｸ繧ｧ繝ｳ繝繝ｪ繝ｼ\"},\"personalityTypes\":{\"縺翫▲縺ｨ繧顔ｳｻ\":\"縺翫▲縺ｨ繧顔ｳｻ\",\"蜈・ｰ礼ｳｻ\":\"蜈・ｰ礼ｳｻ\",\"繧ｯ繝ｼ繝ｫ邉ｻ\":\"繧ｯ繝ｼ繝ｫ邉ｻ\",\"逵滄擇逶ｮ邉ｻ\":\"逵滄擇逶ｮ邉ｻ\",\"繧ｻ繧ｯ繧ｷ繝ｼ邉ｻ\":\"繧ｻ繧ｯ繧ｷ繝ｼ邉ｻ\",\"螟ｩ辟ｶ邉ｻ\":\"螟ｩ辟ｶ邉ｻ\",\"繝懊・繧､繝・す繝･邉ｻ\":\"繝懊・繧､繝・す繝･邉ｻ\",\"縺雁ｧ峨＆繧鍋ｳｻ\":\"縺雁ｧ峨＆繧鍋ｳｻ\",\"繝・Φ繝・Ξ\":\"繝・Φ繝・Ξ\"},\"personalityTags\":{\"蜆ｪ縺励＞\":\"蜆ｪ縺励＞\",\"譏弱ｋ縺Ы":\"譏弱ｋ縺Ы",\"繧ｯ繝ｼ繝ｫ\":\"繧ｯ繝ｼ繝ｫ\",\"逵滄擇逶ｮ\":\"逵滄擇逶ｮ\",\"縺翫▲縺ｨ繧浬":\"縺翫▲縺ｨ繧浬",\"蜈・ｰ予":\"蜈・ｰ予",\"繝・Φ繝・Ξ\":\"繝・Φ繝・Ξ\",\"螟ｩ辟ｶ\":\"螟ｩ辟ｶ\",\"逕倥∴繧灘搖\":\"逕倥∴繧灘搖\",\"諱･縺壹°縺励′繧雁ｱ欺":\"諱･縺壹°縺励′繧雁ｱ欺",\"繝溘せ繝・Μ繧｢繧ｹ\":\"繝溘せ繝・Μ繧｢繧ｹ\",\"荳冶ｩｱ螂ｽ縺構":\"荳冶ｩｱ螂ｽ縺構",\"縺・◆縺壹ｉ螂ｽ縺構":\"縺・◆縺壹ｉ螂ｽ縺構",\"鬆大ｼｵ繧雁ｱ欺":\"鬆大ｼｵ繧雁ｱ欺",\"縺ｮ繧薙・繧浬":\"縺ｮ繧薙・繧浬",\"謨ｬ隱杤":\"謨ｬ隱杤",\"繧ｿ繝｡蜿｣\":\"繧ｿ繝｡蜿｣\",\"譁ｹ險\":\"譁ｹ險\",\"縺雁ｬ｢讒伜哨隱ｿ\":\"縺雁ｬ｢讒伜哨隱ｿ\",\"繝昴ず繝・ぅ繝暴":\"繝昴ず繝・ぅ繝暴",\"遨肴･ｵ逧Ы":\"遨肴･ｵ逧Ы",\"逋偵＠邉ｻ\":\"逋偵＠邉ｻ\",\"縺翫＠繧・∋繧浬":\"縺翫＠繧・∋繧浬",\"謗ｧ縺医ａ\":\"謗ｧ縺医ａ\",\"遏･逧Ы":\"遏･逧Ы",\"繝ｭ繝槭Φ繝√せ繝・":\"繝ｭ繝槭Φ繝√せ繝・",\"邏逶ｴ\":\"邏逶ｴ\",\"髱｢蛟定ｦ九′縺・＞\":\"髱｢蛟定ｦ九′縺・＞\",\"縺輔▲縺ｱ繧浬":\"縺輔▲縺ｱ繧浬"},\"analytics\":{\"title\":\"繧｢繧ｯ繝・ぅ繝薙ユ繧｣蛻・梵\",\"period\":{\"past7Days\":\"驕主悉7譌･髢貼",\"past30Days\":\"驕主悉30譌･髢貼",\"pastYear\":\"驕主悉1蟷ｴ髢貼"},\"charts\":{\"dailyChats\":\"譌･蛻･繝√Ε繝・ヨ謨ｰ\",\"chatCount\":\"繝√Ε繝・ヨ謨ｰ\",\"tokenUsage\":\"繝医・繧ｯ繝ｳ菴ｿ逕ｨ驥十",\"characterInteraction\":\"繧ｭ繝｣繝ｩ繧ｯ繧ｿ繝ｼ莠､豬―"},\"summary\":{\"totalChats\":\"邱上メ繝｣繝・ヨ謨ｰ\",\"totalTokens\":\"邱丈ｽｿ逕ｨ繝医・繧ｯ繝ｳ\",\"interactedCharacters\":\"莠､豬√く繝｣繝ｩ謨ｰ\",\"averageDaily\":\"1譌･蟷ｳ蝮Ⅸ",\"weeklyTotal\":\"騾ｱ髢灘粋險・",\"monthlyTotal\":\"譛磯俣蜷郁ｨ・",\"totalCharacters\":\"閧ｲ謌舌く繝｣繝ｩ謨ｰ\"},\"tokens\":{\"title\":\"繝医・繧ｯ繝ｳ蛻・梵\",\"subtitle\":\"繝医・繧ｯ繝ｳ縺ｮ菴ｿ逕ｨ繝代ち繝ｼ繝ｳ縺ｨ蜉ｹ邇・ｧ繧貞・譫申",\"usage\":\"菴ｿ逕ｨ驥十",\"efficiency\":\"蜉ｹ邇・ｧ\",\"pattern\":\"繝代ち繝ｼ繝ｳ\",\"dailyUsage\":\"譌･蛻･繝医・繧ｯ繝ｳ菴ｿ逕ｨ驥十",\"perDay\":\"繝医・繧ｯ繝ｳ/譌･\"},\"chats\":{\"title\":\"繝√Ε繝・ヨ蛻・梵\",\"subtitle\":\"莨夊ｩｱ繝代ち繝ｼ繝ｳ縺ｨ豢ｻ蜍輔・蛻・梵\",\"conversations\":\"莨夊ｩｱ\",\"activity\":\"豢ｻ蜍表",\"insights\":\"繧､繝ｳ繧ｵ繧､繝・",\"perDay\":\"1譌･縺ゅ◆繧・{count} 蝗槭・繝√Ε繝・ヨ\"},\"affinity\":{\"title\":\"隕ｪ蟇・ｺｦ蛻・梵\",\"subtitle\":\"髢｢菫よｧ縺ｨ諢滓ュ縺ｮ豺ｱ蛹悶・蛻・梵\",\"relationships\":\"髢｢菫よｧ\",\"emotional\":\"諢滓ュ\",\"progress\":\"騾ｲ謐予",\"characterLevels\":\"繧ｭ繝｣繝ｩ繧ｯ繧ｿ繝ｼ蛻･隕ｪ蟇・ｺｦ\",\"highestLevel\":\"譛鬮倥Ξ繝吶Ν\"},\"common\":{\"loading\":\"繝・・繧ｿ繧定ｪｭ縺ｿ霎ｼ縺ｿ荳ｭ...\",\"error\":\"繝・・繧ｿ縺ｮ隱ｭ縺ｿ霎ｼ縺ｿ縺ｫ螟ｱ謨励＠縺ｾ縺励◆\",\"retry\":\"蜀崎ｩｦ陦圭",\"noData\":\"繝・・繧ｿ縺後≠繧翫∪縺帙ｓ\",\"timeRange\":{\"week\":\"1騾ｱ髢貼",\"month\":\"1繝ｶ譛・",\"quarter\":\"3繝ｶ譛・"}},\"insights\":{\"mostActiveDay\":\"譛繧よｴｻ逋ｺ縺ｪ譖懈律\",\"favoriteCharacter\":\"縺頑ｰ励↓蜈･繧翫く繝｣繝ｩ繧ｯ繧ｿ繝ｼ\",\"chatStreak\":\"騾｣邯壹メ繝｣繝・ヨ譌･謨ｰ\",\"tokenEfficiency\":\"繝医・繧ｯ繝ｳ蜉ｹ邇Ⅸ"}},\"footer\":{\"commercialTransaction\":\"迚ｹ螳壼膚蜿門ｼ墓ｳ輔↓蝓ｺ縺･縺剰｡ｨ險禄",\"commercialTransactionModal\":{\"title\":\"迚ｹ螳壼膚蜿門ｼ墓ｳ輔↓蝓ｺ縺･縺剰｡ｨ險禄",\"lastUpdated\":\"譛邨よ隼螳壽律・・025蟷ｴ6譛・9譌･\",\"close\":\"髢峨§繧欺",\"tableHeaders\":{\"item\":\"鬆・岼\",\"content\":\"蜀・ｮｹ\"},\"items\":{\"businessName\":{\"label\":\"莠区･ｭ閠・錐\",\"content\":\"Charactier 驕句霧莠句漁螻\",\"note\":\"・亥倶ｺｺ莠区･ｭ荳ｻ・噂"},\"representative\":{\"label\":\"驕句霧雋ｬ莉ｻ閠・",\"content\":\"窶ｻ隲区ｱゅ′縺ゅｌ縺ｰ驕・ｻ槭↑縺城崕蟄舌Γ繝ｼ繝ｫ縺ｧ髢狗､ｺ\"},\"address\":{\"label\":\"謇蝨ｨ蝨ｰ\",\"content\":\"縲・21-0056 逾槫･亥ｷ晉恁讓ｪ豬懷ｸら･槫･亥ｷ晏玄驥第ｸｯ逕ｺ5-14 繧ｯ繧｢繝峨Μ繝輔か繝ｪ繧ｪ 8 髫蚕"},\"phone\":{\"label\":\"髮ｻ隧ｱ逡ｪ蜿ｷ\",\"content\":\"窶ｻ隲区ｱゅ′縺ゅｌ縺ｰ驕・ｻ槭↑縺城崕蟄舌Γ繝ｼ繝ｫ縺ｧ髢狗､ｺ\",\"note\":\"窶ｻ隲区ｱゅ′縺ゅｌ縺ｰ驕・ｻ槭↑縺城崕蟄舌Γ繝ｼ繝ｫ縺ｧ髢狗､ｺ\"},\"email\":{\"label\":\"繝｡繝ｼ繝ｫ繧｢繝峨Ξ繧ｹ\",\"content\":\"support@charactier-ai.com\"},\"price\":{\"label\":\"雋ｩ螢ｲ萓｡譬ｼ\",\"content\":\"雉ｼ蜈･逕ｻ髱｢縺ｫ陦ｨ遉ｺ・域ｶ郁ｲｻ遞手ｾｼ・噂"},\"additionalFees\":{\"label\":\"蝠・刀莉｣驥台ｻ･螟悶・蠢・ｦ∵侭驥曾",\"content\":\"縺ｪ縺暦ｼ医ョ繧ｸ繧ｿ繝ｫ繧ｳ繝ｳ繝・Φ繝・・縺溘ａ騾∵侭縺ｪ縺暦ｼ噂"},\"payment\":{\"label\":\"謾ｯ謇墓婿豕表",\"content\":\"繧ｯ繝ｬ繧ｸ繝・ヨ繧ｫ繝ｼ繝会ｼ・tripe・噂"},\"paymentTiming\":{\"label\":\"謾ｯ謇墓凾譛歃",\"content\":\"雉ｼ蜈･謇狗ｶ壼ｮ御ｺ・凾縺ｫ蜊ｳ譎よｱｺ貂・"},\"delivery\":{\"label\":\"蠑墓ｸ｡譎よ悄\",\"content\":\"豎ｺ貂亥ｮ御ｺ・ｾ後◆縺縺｡縺ｫ繝医・繧ｯ繝ｳ繝ｻ繧ｭ繝｣繝ｩ繧ｯ繧ｿ繝ｼ繧剃ｻ倅ｸ蚕"},\"returns\":{\"label\":\"霑泌刀繝ｻ霑秘≡\",\"content\":\"繝・ず繧ｿ繝ｫ蝠・刀縺ｮ迚ｹ諤ｧ荳翫∵ｱｺ貂亥ｾ後・繧ｭ繝｣繝ｳ繧ｻ繝ｫ繝ｻ霑秘≡縺ｯ荳榊庄\"},\"environment\":{\"label\":\"蜍穂ｽ懃腸蠅ソ",\"content\":\"譛譁ｰ縺ｮ Google Chrome・輯afari・拾dge\"},\"specialConditions\":{\"label\":\"迚ｹ蛻･縺ｪ雋ｩ螢ｲ譚｡莉ｶ\",\"content\":\"繝医・繧ｯ繝ｳ谿矩ｫ倥′ 0 縺ｮ蝣ｴ蜷医∽ｸ驛ｨ讖溯・縺悟宛髯舌＆繧後∪縺兔"},\"support\":{\"label\":\"繧ｵ繝昴・繝亥ｯｾ蠢彌",\"content\":\"蝨滓律逾昴ｒ髯､縺・10:00-18:00・・ST・峨↓繝｡繝ｼ繝ｫ縺ｧ霑比ｿ｡\"},\"contact\":{\"label\":\"縺雁撫縺・粋繧上○蜈・",\"content\":\"莉･荳九・繝輔か繝ｼ繝縺九ｉ縺雁撫縺・粋繧上○縺上□縺輔＞\",\"url\":\"https://forms.gle/ZkYUQSmpqxrQaa4m8\"},\"subscription\":{\"label\":\"繧ｵ繝悶せ繧ｯ繝ｪ繝励す繝ｧ繝ｳ\",\"content\":\"譛ｬ繧ｵ繝ｼ繝薙せ縺ｫ縺ｯ螳壽悄雉ｼ隱ｭ・医し繝悶せ繧ｯ繝ｪ繝励す繝ｧ繝ｳ・峨・縺ゅｊ縺ｾ縺帙ｓ\"}},\"privacyModal\":{\"section1\":{\"content\":\"TODO_鄙ｻ險ｳ\"},\"section2\":{\"item5\":\"TODO_鄙ｻ險ｳ\",\"item6\":\"TODO_鄙ｻ險ｳ\"},\"section3\":{\"item1\":\"TODO_鄙ｻ險ｳ\",\"item2\":\"TODO_鄙ｻ險ｳ\",\"item3\":\"TODO_鄙ｻ險ｳ\",\"note\":\"TODO_鄙ｻ險ｳ\"},\"section4\":{\"content\":\"TODO_鄙ｻ險ｳ\"},\"section5\":{\"content\":\"TODO_鄙ｻ險ｳ\"},\"section8\":{\"title\":\"TODO_鄙ｻ險ｳ\",\"content\":\"TODO_鄙ｻ險ｳ\"}}}}},\"now\":\"$undefined\",\"timeZone\":\"Etc/GMT-9\",\"children\":[\"$\",\"$L5\",null,{\"parallelRouterKey\":\"children\",\"error\":\"$undefined\",\"errorStyles\":\"$undefined\",\"errorScripts\":\"$undefined\",\"template\":[\"$\",\"$L6\",null,{},null,[],1],\"templateStyles\":\"$undefined\",\"templateScripts\":\"$undefined\",\"notFound\":\"$undefined\",\"forbidden\":\"$undefined\",\"unauthorized\":\"$undefined\"},null,[],1]},\"$2f\",[],1]\n"])
          window.dataLayer = window.dataLayer || [];
          function gtag(){dataLayer.push(arguments);}
          gtag('js', new Date());
          gtag('config', 'G-JGWJ4HR6R2', {
            page_path: window.location.pathname
          });
        
  笨・ 41 [chromium] 窶ｺ tests\e2e\testfield\flow\affinityupflow.spec.ts:4:7 窶ｺ flow - affinityupflow 窶ｺ 繝√Ε繝・ヨ 竊・繝ｬ繝吶Ν繧｢繝・・ 竊・逕ｻ蜒上い繝ｳ繝ｭ繝・け 竊・繝ｩ繧､繝悶Λ繝ｪ縺ｧ遒ｺ隱・(1.2s)
  笨・ 40 [chromium] 窶ｺ tests\e2e\simple-test.spec.ts:3:5 窶ｺ 蝓ｺ譛ｬ逧・↑蜍穂ｽ懃｢ｺ隱・(2.3s)
  笨・ 43 [chromium] 窶ｺ tests\e2e\testfield\flow\purchaseflow.spec.ts:4:7 窶ｺ flow - purchaseflow 窶ｺ 繝医・繧ｯ繝ｳ雉ｼ蜈･ 竊・谿矩ｫ倡｢ｺ隱・竊・繧ｭ繝｣繝ｩ繧ｯ繧ｿ繝ｼ雉ｼ蜈･ 竊・繝√Ε繝・ヨ蛻ｩ逕ｨ (1.8s)
  笨・ 42 [chromium] 窶ｺ tests\e2e\testfield\flow\newuserflow.spec.ts:4:7 窶ｺ flow - newuserflow 窶ｺ 莨壼藤逋ｻ骭ｲ 竊・繝｡繝ｼ繝ｫ隱崎ｨｼ 竊・繧ｻ繝・ヨ繧｢繝・・ 竊・繧ｭ繝｣繝ｩ繧ｯ繧ｿ繝ｼ驕ｸ謚・竊・繝√Ε繝・ヨ髢句ｧ・(1.9s)
  笨・ 45 [chromium] 窶ｺ tests\e2e\user\authaccountmanagement\accountdelete.spec.ts:4:7 窶ｺ authaccountmanagement - accountdelete 窶ｺ 蜑企勁遒ｺ隱阪ム繧､繧｢繝ｭ繧ｰ縺ｮ陦ｨ遉ｺ (1.8s)
  笨・ 44 [chromium] 窶ｺ tests\e2e\user\authaccountmanagement\emailauth.spec.ts:4:7 窶ｺ authaccountmanagement - emailauth 窶ｺ 隱崎ｨｼ繝｡繝ｼ繝ｫ縺ｮ蜿嶺ｿ｡遒ｺ隱・(1.9s)
  笨・ 47 [chromium] 窶ｺ tests\e2e\user\authaccountmanagement\logout.spec.ts:4:7 窶ｺ authaccountmanagement - logout 窶ｺ 繝ｭ繧ｰ繧｢繧ｦ繝亥・逅・・螳御ｺ・｢ｺ隱・(1.7s)
  笨・ 31 [chromium] 窶ｺ tests\e2e\admin\usermanagement\user-crud-operations.spec.ts:16:7 窶ｺ 繝ｦ繝ｼ繧ｶ繝ｼ邂｡逅・ｩ溯・縺ｮ蛹・峡逧Е2E繝・せ繝・窶ｺ 繝ｦ繝ｼ繧ｶ繝ｼ荳隕ｧ縺ｮ陦ｨ遉ｺ縺ｨ讀懃ｴ｢ (10.9s)
  笨・ 49 [chromium] 窶ｺ tests\e2e\user\authaccountmanagement\newmemberregister.spec.ts:22:7 窶ｺ authaccountmanagement - newmemberregister 窶ｺ 豁｣蟶ｸ縺ｪ譁ｰ隕冗匳骭ｲ繝輔Ο繝ｼ (1.7s)
  笨・ 48 [chromium] 窶ｺ tests\e2e\user\authaccountmanagement\newmemberregister.spec.ts:4:7 窶ｺ authaccountmanagement - newmemberregister 窶ｺ 蠢・磯・岼縺ｮ蜈･蜉帙メ繧ｧ繝・け (2.0s)
  笨・ 50 [chromium] 窶ｺ tests\e2e\user\characterlist\characterdisplay.spec.ts:4:7 窶ｺ characterlist - characterdisplay 窶ｺ 蜈ｨ繧ｭ繝｣繝ｩ繧ｯ繧ｿ繝ｼ縺ｮ荳隕ｧ陦ｨ遉ｺ (2.0s)
  笨・ 51 [chromium] 窶ｺ tests\e2e\user\characterlist\filterfunction.spec.ts:4:7 窶ｺ characterlist - filterfunction 窶ｺ 蜈ｨ縺ｦ陦ｨ遉ｺ (1.9s)
  笨・ 52 [chromium] 窶ｺ tests\e2e\user\characterlist\searchfunction.spec.ts:4:7 窶ｺ characterlist - searchfunction 窶ｺ 繧ｭ繝｣繝ｩ繧ｯ繧ｿ繝ｼ蜷阪〒縺ｮ讀懃ｴ｢ (1.9s)
  笨・ 54 [chromium] 窶ｺ tests\e2e\user\chat\prompt-cache-system.spec.ts:23:7 窶ｺ 繝励Ο繝ｳ繝励ヨ繧ｭ繝｣繝・す繝･繧ｷ繧ｹ繝・Β縺ｮE2E繝・せ繝・窶ｺ 蛻晏屓繝√Ε繝・ヨ譎ゅ・繝励Ο繝ｳ繝励ヨ繧ｭ繝｣繝・す繝･菴懈・ (0ms)
  笨・ 57 [chromium] 窶ｺ tests\e2e\user\chat\prompt-cache-system.spec.ts:164:7 窶ｺ 繝励Ο繝ｳ繝励ヨ繧ｭ繝｣繝・す繝･繧ｷ繧ｹ繝・Β縺ｮE2E繝・せ繝・窶ｺ 繧ｭ繝｣繝・す繝･邨ｱ險域ュ蝣ｱ縺ｮ遒ｺ隱・(0ms)
  笨・ 55 [chromium] 窶ｺ tests\e2e\user\chat\prompt-cache-system.spec.ts:128:7 窶ｺ 繝励Ο繝ｳ繝励ヨ繧ｭ繝｣繝・す繝･繧ｷ繧ｹ繝・Β縺ｮE2E繝・せ繝・窶ｺ 繝励Ο繝ｳ繝励ヨ縺窟PI縺ｫ豁｣縺励￥貂｡縺輔ｌ縺ｦ縺・ｋ縺区､懆ｨｼ (0ms)
  笨・ 56 [chromium] 窶ｺ tests\e2e\user\chat\prompt-cache-system.spec.ts:79:7 窶ｺ 繝励Ο繝ｳ繝励ヨ繧ｭ繝｣繝・す繝･繧ｷ繧ｹ繝・Β縺ｮE2E繝・せ繝・窶ｺ 隕ｪ蟇・ｺｦ繝ｬ繝吶Ν螟牙喧譎ゅ・繧ｭ繝｣繝・す繝･辟｡蜉ｹ蛹・(0ms)
  笨・ 60 [chromium] 窶ｺ tests\e2e\user\chat\prompt-cache-system.spec.ts:192:7 窶ｺ 繝励Ο繝ｳ繝励ヨ繧ｭ繝｣繝・す繝･繧ｷ繧ｹ繝・Β縺ｮE2E繝・せ繝・窶ｺ 隍・焚繧ｭ繝｣繝ｩ繧ｯ繧ｿ繝ｼ髢薙〒縺ｮ繧ｭ繝｣繝・す繝･蛻・屬 (0ms)
  笨・ 53 [chromium] 窶ｺ tests\e2e\user\characterpurchase\purchaseflow.spec.ts:4:7 窶ｺ characterpurchase - purchaseflow 窶ｺ 雉ｼ蜈･繝懊ち繝ｳ縺ｮ陦ｨ遉ｺ・域悴雉ｼ蜈･繧ｭ繝｣繝ｩ・・(1.3s)
  笨・ 58 [chromium] 窶ｺ tests\e2e\user\characterlist\sortfunction.spec.ts:4:7 窶ｺ characterlist - sortfunction 窶ｺ 莠ｺ豌鈴・(1.3s)
  笨・ 61 [chromium] 窶ｺ tests\e2e\user\chatfunction\affinitysystem.spec.ts:4:7 窶ｺ chatfunction - affinitysystem 窶ｺ 繝｡繝・そ繝ｼ繧ｸ騾∽ｿ｡縺ｫ繧医ｋ邨碁ｨ灘､迯ｲ蠕・(1.7s)
  笨・ 59 [chromium] 窶ｺ tests\e2e\user\chatfunction\chathistory.spec.ts:4:7 窶ｺ chatfunction - chathistory 窶ｺ 驕主悉縺ｮ繝｡繝・そ繝ｼ繧ｸ縺ｮ陦ｨ遉ｺ (1.8s)
  笨・ 62 [chromium] 窶ｺ tests\e2e\user\chatfunction\chatstart.spec.ts:4:7 窶ｺ chatfunction - chatstart 窶ｺ 繝√Ε繝・ヨ逕ｻ髱｢縺ｸ縺ｮ驕ｷ遘ｻ (1.7s)
  笨・ 63 [chromium] 窶ｺ tests\e2e\user\dashboard\characteraffinity.spec.ts:4:7 窶ｺ dashboard - characteraffinity 窶ｺ 蜷・く繝｣繝ｩ繧ｯ繧ｿ繝ｼ縺ｮ隕ｪ蟇・ｺｦ繝ｬ繝吶Ν陦ｨ遉ｺ (1.5s)
  笨・ 64 [chromium] 窶ｺ tests\e2e\user\dashboard\userinfodisplay.spec.ts:4:7 窶ｺ dashboard - userinfodisplay 窶ｺ 繝ｦ繝ｼ繧ｶ繝ｼ蜷阪・陦ｨ遉ｺ (1.4s)
  笨・ 46 [chromium] 窶ｺ tests\e2e\user\authaccountmanagement\login.spec.ts:4:7 窶ｺ authaccountmanagement - login 窶ｺ 豁｣縺励＞隱崎ｨｼ諠・ｱ縺ｧ縺ｮ繝ｭ繧ｰ繧､繝ｳ謌仙粥 (7.0s)
  笨・ 65 [chromium] 窶ｺ tests\e2e\user\chatfunction\messagereceive.spec.ts:4:7 窶ｺ chatfunction - messagereceive 窶ｺ 繝｡繝・そ繝ｼ繧ｸ騾∽ｿ｡讖溯・ (1.7s)
  笨・ 67 [chromium] 窶ｺ tests\e2e\user\errorhandling\networkerror.spec.ts:4:7 窶ｺ errorhandling - networkerror 窶ｺ 驕ｩ蛻・↑繧ｨ繝ｩ繝ｼ繝｡繝・そ繝ｼ繧ｸ陦ｨ遉ｺ (1.8s)
  笨・ 66 [chromium] 窶ｺ tests\e2e\user\errorhandling\autherror.spec.ts:4:7 窶ｺ errorhandling - autherror 窶ｺ 401繧ｨ繝ｩ繝ｼ譎ゅ・繝ｭ繧ｰ繧､繝ｳ繝壹・繧ｸ縺ｸ縺ｮ繝ｪ繝繧､繝ｬ繧ｯ繝・(1.9s)
  笨・ 68 [chromium] 窶ｺ tests\e2e\user\errorhandling\validationerror.spec.ts:4:7 窶ｺ errorhandling - validationerror 窶ｺ 繝輔か繝ｼ繝蜈･蜉帙お繝ｩ繝ｼ縺ｮ陦ｨ遉ｺ (1.8s)
  笨・ 69 [chromium] 窶ｺ tests\e2e\user\librarygallery\characterselect.spec.ts:4:7 窶ｺ librarygallery - characterselect 窶ｺ 繧ｭ繝｣繝ｩ繧ｯ繧ｿ繝ｼ驕ｸ謚槭ラ繝ｭ繝・・繝繧ｦ繝ｳ (1.9s)
  笨・ 36 [chromium] 窶ｺ tests\e2e\admin\usermanagement\user-crud-operations.spec.ts:206:7 窶ｺ 繝ｦ繝ｼ繧ｶ繝ｼ邂｡逅・ｩ溯・縺ｮ蛹・峡逧Е2E繝・せ繝・窶ｺ 荳諡ｬ謫堺ｽ懈ｩ溯・ (11.7s)
  笨・ 70 [chromium] 窶ｺ tests\e2e\user\librarygallery\filtersearch.spec.ts:4:7 窶ｺ librarygallery - filtersearch 窶ｺ 繧ｿ繧､繝医Ν/隱ｬ譏取枚縺ｧ縺ｮ讀懃ｴ｢ (1.6s)
  笨・ 75 [chromium] 窶ｺ tests\e2e\user\purchaseflow\character-purchase-complete.spec.ts:17:7 窶ｺ 繧ｭ繝｣繝ｩ繧ｯ繧ｿ繝ｼ雉ｼ蜈･繝輔Ο繝ｼ縺ｨ繝懊ち繝ｳ迥ｶ諷句､牙喧縺ｮE2E繝・せ繝・窶ｺ 譛画侭繧ｭ繝｣繝ｩ繧ｯ繧ｿ繝ｼ縺ｮ雉ｼ蜈･蜑榊ｾ後・繝懊ち繝ｳ迥ｶ諷狗｢ｺ隱・(0ms)
  笨・ 32 [chromium] 窶ｺ tests\e2e\admin\usermanagement\user-crud-operations.spec.ts:44:7 窶ｺ 繝ｦ繝ｼ繧ｶ繝ｼ邂｡逅・ｩ溯・縺ｮ蛹・峡逧Е2E繝・せ繝・窶ｺ 繝ｦ繝ｼ繧ｶ繝ｼ隧ｳ邏ｰ縺ｮ陦ｨ遉ｺ縺ｨ邱ｨ髮・(11.7s)
  笨・ 33 [chromium] 窶ｺ tests\e2e\admin\usermanagement\user-crud-operations.spec.ts:80:7 窶ｺ 繝ｦ繝ｼ繧ｶ繝ｼ邂｡逅・ｩ溯・縺ｮ蛹・峡逧Е2E繝・せ繝・窶ｺ 繝ｦ繝ｼ繧ｶ繝ｼ繧｢繧ｫ繧ｦ繝ｳ繝医・蛛懈ｭ｢縺ｨ蜀埼幕 (11.7s)
  笨・ 34 [chromium] 窶ｺ tests\e2e\admin\usermanagement\user-crud-operations.spec.ts:166:7 窶ｺ 繝ｦ繝ｼ繧ｶ繝ｼ邂｡逅・ｩ溯・縺ｮ蛹・峡逧Е2E繝・せ繝・窶ｺ 繝ｦ繝ｼ繧ｶ繝ｼ縺ｮ隧ｳ邏ｰ諠・ｱ陦ｨ遉ｺ (11.6s)
  笨・ 35 [chromium] 窶ｺ tests\e2e\admin\usermanagement\user-crud-operations.spec.ts:117:7 窶ｺ 繝ｦ繝ｼ繧ｶ繝ｼ邂｡逅・ｩ溯・縺ｮ蛹・峡逧Е2E繝・せ繝・窶ｺ 繝ｦ繝ｼ繧ｶ繝ｼ繧｢繧ｫ繧ｦ繝ｳ繝医・蜑企勁 (11.6s)
  笨・ 76 [chromium] 窶ｺ tests\e2e\user\purchaseflow\character-purchase-complete.spec.ts:112:7 窶ｺ 繧ｭ繝｣繝ｩ繧ｯ繧ｿ繝ｼ雉ｼ蜈･繝輔Ο繝ｼ縺ｨ繝懊ち繝ｳ迥ｶ諷句､牙喧縺ｮE2E繝・せ繝・窶ｺ 繧ｭ繝｣繝ｩ繧ｯ繧ｿ繝ｼ雉ｼ蜈･縺ｨ繝懊ち繝ｳ迥ｶ諷九・螟牙喧 (0ms)
  笨・ 71 [chromium] 窶ｺ tests\e2e\user\librarygallery\imagedisplay.spec.ts:4:7 窶ｺ librarygallery - imagedisplay 窶ｺ 繧｢繝ｳ繝ｭ繝・け貂医∩逕ｻ蜒上・陦ｨ遉ｺ (1.4s)
  笨・ 73 [chromium] 窶ｺ tests\e2e\user\profilesettings\basicinfoedit.spec.ts:4:7 窶ｺ profilesettings - basicinfoedit 窶ｺ 繝ｦ繝ｼ繧ｶ繝ｼ蜷阪・螟画峩 (1.6s)
  笨・ 72 [chromium] 窶ｺ tests\e2e\user\notificationfunction\realtimenotification.spec.ts:4:7 窶ｺ notificationfunction - realtimenotification 窶ｺ 雉ｼ蜈･螳御ｺ・夂衍 (1.6s)
  笨・ 83 [chromium] 窶ｺ tests\e2e\user\purchaseflow\character-purchase-complete.spec.ts:244:7 窶ｺ 繧ｭ繝｣繝ｩ繧ｯ繧ｿ繝ｼ雉ｼ蜈･繝輔Ο繝ｼ縺ｨ繝懊ち繝ｳ迥ｶ諷句､牙喧縺ｮE2E繝・せ繝・窶ｺ 雉ｼ蜈･螻･豁ｴ縺ｮ遒ｺ隱・(0ms)
  笨・ 74 [chromium] 窶ｺ tests\e2e\user\profilesettings\passwordchange.spec.ts:4:7 窶ｺ profilesettings - passwordchange 窶ｺ 迴ｾ蝨ｨ縺ｮ繝代せ繝ｯ繝ｼ繝臥｢ｺ隱・(1.6s)
  笨・ 82 [chromium] 窶ｺ tests\e2e\user\purchaseflow\character-purchase-complete.spec.ts:164:7 窶ｺ 繧ｭ繝｣繝ｩ繧ｯ繧ｿ繝ｼ雉ｼ蜈･繝輔Ο繝ｼ縺ｨ繝懊ち繝ｳ迥ｶ諷句､牙喧縺ｮE2E繝・せ繝・窶ｺ 雉ｼ蜈･貂医∩繧ｭ繝｣繝ｩ繧ｯ繧ｿ繝ｼ縺ｮ迥ｶ諷狗｢ｺ隱・(0ms)
  笨・ 84 [chromium] 窶ｺ tests\e2e\user\purchaseflow\character-purchase-complete.spec.ts:210:7 窶ｺ 繧ｭ繝｣繝ｩ繧ｯ繧ｿ繝ｼ雉ｼ蜈･繝輔Ο繝ｼ縺ｨ繝懊ち繝ｳ迥ｶ諷句､牙喧縺ｮE2E繝・せ繝・窶ｺ 辟｡譁吶く繝｣繝ｩ繧ｯ繧ｿ繝ｼ縺ｮ繝懊ち繝ｳ迥ｶ諷・(0ms)
  笨・ 79 [chromium] 窶ｺ tests\e2e\user\purchaseflow\character-purchase-complete.spec.ts:64:7 窶ｺ 繧ｭ繝｣繝ｩ繧ｯ繧ｿ繝ｼ雉ｼ蜈･繝輔Ο繝ｼ縺ｨ繝懊ち繝ｳ迥ｶ諷句､牙喧縺ｮE2E繝・せ繝・窶ｺ 雉ｼ蜈･繝輔Ο繝ｼ縺ｮ螳悟・縺ｪ繝・せ繝・(0ms)
  笨・ 77 [chromium] 窶ｺ tests\e2e\user\librarygallery\imagedetailmodal.spec.ts:4:7 窶ｺ librarygallery - imagedetailmodal 窶ｺ 逕ｻ蜒上け繝ｪ繝・け縺ｧ繝｢繝ｼ繝繝ｫ陦ｨ遉ｺ (1.4s)
  笨・ 78 [chromium] 窶ｺ tests\e2e\user\tokenpurchase\stripepayment.spec.ts:4:7 窶ｺ tokenpurchase - stripepayment 窶ｺ 繝√ぉ繝・け繧｢繧ｦ繝医そ繝・す繝ｧ繝ｳ菴懈・ (1.4s)
  笨・ 80 [chromium] 窶ｺ tests\e2e\user\tokenpurchase\purchasepage.spec.ts:4:7 窶ｺ tokenpurchase - purchasepage 窶ｺ 繝医・繧ｯ繝ｳ繝代ャ繧ｯ荳隕ｧ陦ｨ遉ｺ (1.5s)
  笨・ 81 [firefox] 窶ｺ tests\e2e\admin\charactermanagement\character-crud-operations.spec.ts:16:7 窶ｺ 繧ｭ繝｣繝ｩ繧ｯ繧ｿ繝ｼ邂｡逅・ｩ溯・縺ｮ蛹・峡逧Е2E繝・せ繝・窶ｺ 譁ｰ隕上く繝｣繝ｩ繧ｯ繧ｿ繝ｼ縺ｮ菴懈・ (35.0s)
  笨・ 85 [firefox] 窶ｺ tests\e2e\admin\charactermanagement\character-crud-operations.spec.ts:81:7 窶ｺ 繧ｭ繝｣繝ｩ繧ｯ繧ｿ繝ｼ邂｡逅・ｩ溯・縺ｮ蛹・峡逧Е2E繝・せ繝・窶ｺ 譌｢蟄倥く繝｣繝ｩ繧ｯ繧ｿ繝ｼ縺ｮ邱ｨ髮・(35.0s)
  笨・ 87 [firefox] 窶ｺ tests\e2e\admin\charactermanagement\character-crud-operations.spec.ts:211:7 窶ｺ 繧ｭ繝｣繝ｩ繧ｯ繧ｿ繝ｼ邂｡逅・ｩ溯・縺ｮ蛹・峡逧Е2E繝・せ繝・窶ｺ 繧ｭ繝｣繝ｩ繧ｯ繧ｿ繝ｼ逕ｻ蜒上・邂｡逅・(35.1s)
  笨・ 88 [firefox] 窶ｺ tests\e2e\admin\charactermanagement\characterdelete.spec.ts:4:7 窶ｺ charactermanagement - characterdelete 窶ｺ 蜑企勁遒ｺ隱阪ム繧､繧｢繝ｭ繧ｰ (35.0s)
  笨・ 93 [firefox] 窶ｺ tests\e2e\admin\charactermanagement\characteredit.spec.ts:4:7 窶ｺ charactermanagement - characteredit 窶ｺ 譌｢蟄俶ュ蝣ｱ縺ｮ隱ｭ縺ｿ霎ｼ縺ｿ (35.0s)
  笨・ 94 [firefox] 窶ｺ tests\e2e\admin\charactermanagement\characterlist.spec.ts:4:7 窶ｺ charactermanagement - characterlist 窶ｺ 蜈ｨ繧ｭ繝｣繝ｩ繧ｯ繧ｿ繝ｼ縺ｮ陦ｨ遉ｺ (35.1s)
  笨・ 90 [firefox] 窶ｺ tests\e2e\admin\charactermanagement\character-crud-operations.spec.ts:132:7 窶ｺ 繧ｭ繝｣繝ｩ繧ｯ繧ｿ繝ｼ邂｡逅・ｩ溯・縺ｮ蛹・峡逧Е2E繝・せ繝・窶ｺ 繧ｭ繝｣繝ｩ繧ｯ繧ｿ繝ｼ縺ｮ蜑企勁 (35.1s)
  笨・ 92 [firefox] 窶ｺ tests\e2e\admin\charactermanagement\character-crud-operations.spec.ts:243:7 窶ｺ 繧ｭ繝｣繝ｩ繧ｯ繧ｿ繝ｼ邂｡逅・ｩ溯・縺ｮ蛹・峡逧Е2E繝・せ繝・窶ｺ 繧ｭ繝｣繝ｩ繧ｯ繧ｿ繝ｼ縺ｮ荳諡ｬ謫堺ｽ・(35.1s)
  笨・ 95 [firefox] 窶ｺ tests\e2e\admin\dashboard\graphdisplay.spec.ts:4:7 窶ｺ dashboard - graphdisplay 窶ｺ 譌･蛻･蜿守寢繧ｰ繝ｩ繝・(35.1s)
  -  99 [firefox] 窶ｺ tests\e2e\admin\managementauth\login.spec.ts:4:7 窶ｺ managementauth - login 窶ｺ 邂｡逅・・い繧ｫ繧ｦ繝ｳ繝医〒縺ｮ繝ｭ繧ｰ繧､繝ｳ
  笨・ 91 [firefox] 窶ｺ tests\e2e\admin\charactermanagement\character-crud-operations.spec.ts:175:7 窶ｺ 繧ｭ繝｣繝ｩ繧ｯ繧ｿ繝ｼ邂｡逅・ｩ溯・縺ｮ蛹・峡逧Е2E繝・せ繝・窶ｺ 繧ｭ繝｣繝ｩ繧ｯ繧ｿ繝ｼ縺ｮ繧ｹ繝・・繧ｿ繧ｹ邂｡逅・(35.1s)
  笨・ 89 [firefox] 窶ｺ tests\e2e\admin\charactermanagement\character-crud-operations.spec.ts:277:7 窶ｺ 繧ｭ繝｣繝ｩ繧ｯ繧ｿ繝ｼ邂｡逅・ｩ溯・縺ｮ蛹・峡逧Е2E繝・せ繝・窶ｺ 繧ｭ繝｣繝ｩ繧ｯ繧ｿ繝ｼ讀懃ｴ｢縺ｨ繝輔ぅ繝ｫ繧ｿ繝ｪ繝ｳ繧ｰ (35.0s)
  笨・ 86 [firefox] 窶ｺ tests\e2e\admin\charactermanagement\charactercreate.spec.ts:4:7 窶ｺ charactermanagement - charactercreate 窶ｺ 蝓ｺ譛ｬ諠・ｱ縺ｮ蜈･蜉・(35.1s)
  笨・ 96 [firefox] 窶ｺ tests\e2e\admin\dashboard\statsinfodisplay.spec.ts:4:7 窶ｺ dashboard - statsinfodisplay 窶ｺ 邱上Θ繝ｼ繧ｶ繝ｼ謨ｰ (35.0s)
  笨・ 97 [firefox] 窶ｺ tests\e2e\admin\errormonitoring\error.spec.ts:4:7 窶ｺ errormonitoring - error 窶ｺ 繧ｷ繧ｹ繝・Β繧ｨ繝ｩ繝ｼ縺ｮ荳隕ｧ (35.0s)
  笨・ 98 [firefox] 窶ｺ tests\e2e\admin\errormonitoring\settings.spec.ts:4:7 窶ｺ errormonitoring - settings 窶ｺ 髢ｾ蛟､險ｭ螳・(35.0s)
  笨・ 100 [firefox] 窶ｺ tests\e2e\admin\managementauth\logout.spec.ts:4:7 窶ｺ managementauth - logout 窶ｺ 繝ｭ繧ｰ繧｢繧ｦ繝亥・逅・(35.0s)
  笨・ 103 [firefox] 窶ｺ tests\e2e\admin\systemsettings\aisettings.spec.ts:4:7 窶ｺ systemsettings - aisettings 窶ｺ 蛻ｩ逕ｨ蜿ｯ閭ｽ繝｢繝・Ν縺ｮ陦ｨ遉ｺ (35.0s)
  笨・ 101 [firefox] 窶ｺ tests\e2e\admin\notificationmanagement\notificationcreate.spec.ts:4:7 窶ｺ notificationmanagement - notificationcreate 窶ｺ 騾夂衍繧ｿ繧､繝励・驕ｸ謚・(35.0s)
  笨・ 102 [firefox] 窶ｺ tests\e2e\admin\notificationmanagement\notificationhistory.spec.ts:4:7 窶ｺ notificationmanagement - notificationhistory 窶ｺ 騾∽ｿ｡貂医∩騾夂衍縺ｮ荳隕ｧ (35.1s)
  笨・ 104 [firefox] 窶ｺ tests\e2e\admin\revenuemanagement\purchasehistory.spec.ts:4:7 窶ｺ revenuemanagement - purchasehistory 窶ｺ 蜈ｨ雉ｼ蜈･螻･豁ｴ縺ｮ陦ｨ遉ｺ (35.0s)
  笨・ 105 [firefox] 窶ｺ tests\e2e\admin\revenuemanagement\revenuelist.spec.ts:4:7 窶ｺ revenuemanagement - revenuelist 窶ｺ 譛滄俣蛻･蜿守寢陦ｨ遉ｺ (35.1s)
  笨・ 106 [firefox] 窶ｺ tests\e2e\admin\systemsettings\securitysettings.spec.ts:4:7 窶ｺ systemsettings - securitysettings 窶ｺ 繝ｬ繝ｼ繝亥宛髯舌・遒ｺ隱・(35.1s)
  笨・ 108 [firefox] 窶ｺ tests\e2e\admin\tokenmanagement\token-profit-system.spec.ts:61:7 窶ｺ 99%蛻ｩ逶顔｢ｺ菫昴す繧ｹ繝・Β縺ｮE2E繝・せ繝・窶ｺ 轤ｺ譖ｿ繝ｬ繝ｼ繝亥､牙虚譎ゅ・萓｡譬ｼ蜀崎ｨ育ｮ・(35.1s)
  笨・ 107 [firefox] 窶ｺ tests\e2e\admin\tokenmanagement\token-profit-system.spec.ts:22:7 窶ｺ 99%蛻ｩ逶顔｢ｺ菫昴す繧ｹ繝・Β縺ｮE2E繝・せ繝・窶ｺ 繝医・繧ｯ繝ｳ繝代ャ繧ｯ菴懈・譎ゅ・99%蛻ｩ逶顔紫險育ｮ玲､懆ｨｼ (35.1s)
